Archive member included to satisfy reference by file (symbol)

c:/st/stm32cubeide_1.3.0/stm32cubeide/plugins/com.st.stm32cube.ide.mcu.externaltools.gnu-tools-for-stm32.7-2018-q2-update.win32_1.0.0.201904181610/tools/bin/../lib/gcc/arm-none-eabi/7.3.1/../../../../arm-none-eabi/lib/thumb/v7e-m/fpv4-sp/hard\libc_nano.a(lib_a-atoi.o)
                              Core/Src/configuration.o (atoi)
c:/st/stm32cubeide_1.3.0/stm32cubeide/plugins/com.st.stm32cube.ide.mcu.externaltools.gnu-tools-for-stm32.7-2018-q2-update.win32_1.0.0.201904181610/tools/bin/../lib/gcc/arm-none-eabi/7.3.1/../../../../arm-none-eabi/lib/thumb/v7e-m/fpv4-sp/hard\libc_nano.a(lib_a-errno.o)
                              Core/Src/syscalls.o (__errno)
c:/st/stm32cubeide_1.3.0/stm32cubeide/plugins/com.st.stm32cube.ide.mcu.externaltools.gnu-tools-for-stm32.7-2018-q2-update.win32_1.0.0.201904181610/tools/bin/../lib/gcc/arm-none-eabi/7.3.1/../../../../arm-none-eabi/lib/thumb/v7e-m/fpv4-sp/hard\libc_nano.a(lib_a-exit.o)
                              c:/st/stm32cubeide_1.3.0/stm32cubeide/plugins/com.st.stm32cube.ide.mcu.externaltools.gnu-tools-for-stm32.7-2018-q2-update.win32_1.0.0.201904181610/tools/bin/../lib/gcc/arm-none-eabi/7.3.1/../../../../arm-none-eabi/lib/thumb/v7e-m/fpv4-sp/hard/crt0.o (exit)
c:/st/stm32cubeide_1.3.0/stm32cubeide/plugins/com.st.stm32cube.ide.mcu.externaltools.gnu-tools-for-stm32.7-2018-q2-update.win32_1.0.0.201904181610/tools/bin/../lib/gcc/arm-none-eabi/7.3.1/../../../../arm-none-eabi/lib/thumb/v7e-m/fpv4-sp/hard\libc_nano.a(lib_a-impure.o)
                              c:/st/stm32cubeide_1.3.0/stm32cubeide/plugins/com.st.stm32cube.ide.mcu.externaltools.gnu-tools-for-stm32.7-2018-q2-update.win32_1.0.0.201904181610/tools/bin/../lib/gcc/arm-none-eabi/7.3.1/../../../../arm-none-eabi/lib/thumb/v7e-m/fpv4-sp/hard\libc_nano.a(lib_a-exit.o) (_global_impure_ptr)
c:/st/stm32cubeide_1.3.0/stm32cubeide/plugins/com.st.stm32cube.ide.mcu.externaltools.gnu-tools-for-stm32.7-2018-q2-update.win32_1.0.0.201904181610/tools/bin/../lib/gcc/arm-none-eabi/7.3.1/../../../../arm-none-eabi/lib/thumb/v7e-m/fpv4-sp/hard\libc_nano.a(lib_a-init.o)
                              c:/st/stm32cubeide_1.3.0/stm32cubeide/plugins/com.st.stm32cube.ide.mcu.externaltools.gnu-tools-for-stm32.7-2018-q2-update.win32_1.0.0.201904181610/tools/bin/../lib/gcc/arm-none-eabi/7.3.1/../../../../arm-none-eabi/lib/thumb/v7e-m/fpv4-sp/hard/crt0.o (__libc_init_array)
c:/st/stm32cubeide_1.3.0/stm32cubeide/plugins/com.st.stm32cube.ide.mcu.externaltools.gnu-tools-for-stm32.7-2018-q2-update.win32_1.0.0.201904181610/tools/bin/../lib/gcc/arm-none-eabi/7.3.1/../../../../arm-none-eabi/lib/thumb/v7e-m/fpv4-sp/hard\libc_nano.a(lib_a-locale.o)
                              Core/Src/check_configuration.o (__locale_ctype_ptr)
c:/st/stm32cubeide_1.3.0/stm32cubeide/plugins/com.st.stm32cube.ide.mcu.externaltools.gnu-tools-for-stm32.7-2018-q2-update.win32_1.0.0.201904181610/tools/bin/../lib/gcc/arm-none-eabi/7.3.1/../../../../arm-none-eabi/lib/thumb/v7e-m/fpv4-sp/hard\libc_nano.a(lib_a-malloc.o)
                              Core/Src/keypad.o (malloc)
c:/st/stm32cubeide_1.3.0/stm32cubeide/plugins/com.st.stm32cube.ide.mcu.externaltools.gnu-tools-for-stm32.7-2018-q2-update.win32_1.0.0.201904181610/tools/bin/../lib/gcc/arm-none-eabi/7.3.1/../../../../arm-none-eabi/lib/thumb/v7e-m/fpv4-sp/hard\libc_nano.a(lib_a-mbtowc_r.o)
                              c:/st/stm32cubeide_1.3.0/stm32cubeide/plugins/com.st.stm32cube.ide.mcu.externaltools.gnu-tools-for-stm32.7-2018-q2-update.win32_1.0.0.201904181610/tools/bin/../lib/gcc/arm-none-eabi/7.3.1/../../../../arm-none-eabi/lib/thumb/v7e-m/fpv4-sp/hard\libc_nano.a(lib_a-locale.o) (__ascii_mbtowc)
c:/st/stm32cubeide_1.3.0/stm32cubeide/plugins/com.st.stm32cube.ide.mcu.externaltools.gnu-tools-for-stm32.7-2018-q2-update.win32_1.0.0.201904181610/tools/bin/../lib/gcc/arm-none-eabi/7.3.1/../../../../arm-none-eabi/lib/thumb/v7e-m/fpv4-sp/hard\libc_nano.a(lib_a-memset.o)
                              c:/st/stm32cubeide_1.3.0/stm32cubeide/plugins/com.st.stm32cube.ide.mcu.externaltools.gnu-tools-for-stm32.7-2018-q2-update.win32_1.0.0.201904181610/tools/bin/../lib/gcc/arm-none-eabi/7.3.1/../../../../arm-none-eabi/lib/thumb/v7e-m/fpv4-sp/hard/crt0.o (memset)
c:/st/stm32cubeide_1.3.0/stm32cubeide/plugins/com.st.stm32cube.ide.mcu.externaltools.gnu-tools-for-stm32.7-2018-q2-update.win32_1.0.0.201904181610/tools/bin/../lib/gcc/arm-none-eabi/7.3.1/../../../../arm-none-eabi/lib/thumb/v7e-m/fpv4-sp/hard\libc_nano.a(lib_a-nano-freer.o)
                              c:/st/stm32cubeide_1.3.0/stm32cubeide/plugins/com.st.stm32cube.ide.mcu.externaltools.gnu-tools-for-stm32.7-2018-q2-update.win32_1.0.0.201904181610/tools/bin/../lib/gcc/arm-none-eabi/7.3.1/../../../../arm-none-eabi/lib/thumb/v7e-m/fpv4-sp/hard\libc_nano.a(lib_a-malloc.o) (_free_r)
[...]
Memory Configuration

Name             Origin             Length             Attributes
RAM              0x0000000020000000 0x0000000000018000 xrw
FLASH            0x0000000008000000 0x0000000000080000 xr
*default*        0x0000000000000000 0xffffffffffffffff

Linker script and memory map

LOAD c:/st/stm32cubeide_1.3.0/stm32cubeide/plugins/com.st.stm32cube.ide.mcu.externaltools.gnu-tools-for-stm32.7-2018-q2-update.win32_1.0.0.201904181610/tools/bin/../lib/gcc/arm-none-eabi/7.3.1/thumb/v7e-m/fpv4-sp/hard/crti.o
LOAD c:/st/stm32cubeide_1.3.0/stm32cubeide/plugins/com.st.stm32cube.ide.mcu.externaltools.gnu-tools-for-stm32.7-2018-q2-update.win32_1.0.0.201904181610/tools/bin/../lib/gcc/arm-none-eabi/7.3.1/thumb/v7e-m/fpv4-sp/hard/crtbegin.o
LOAD c:/st/stm32cubeide_1.3.0/stm32cubeide/plugins/com.st.stm32cube.ide.mcu.externaltools.gnu-tools-for-stm32.7-2018-q2-update.win32_1.0.0.201904181610/tools/bin/../lib/gcc/arm-none-eabi/7.3.1/../../../../arm-none-eabi/lib/thumb/v7e-m/fpv4-sp/hard/crt0.o
LOAD Core/Src/adc.o
LOAD Core/Src/check_configuration.o
LOAD Core/Src/check_procedure.o
LOAD Core/Src/configuration.o
LOAD Core/Src/dma.o
LOAD Core/Src/ds1307rtc.o
LOAD Core/Src/gpio.o
LOAD Core/Src/i2c.o
LOAD Core/Src/keypad.o
LOAD Core/Src/main.o
LOAD Core/Src/procedure.o
LOAD Core/Src/protocol.o
LOAD Core/Src/sound_alarm.o
LOAD Core/Src/stm32f4xx_hal_msp.o
LOAD Core/Src/stm32f4xx_it.o
LOAD Core/Src/syscalls.o
LOAD Core/Src/sysmem.o
LOAD Core/Src/system_log.o
LOAD Core/Src/system_stm32f4xx.o
LOAD Core/Src/tim.o
LOAD Core/Src/timer_management.o
LOAD Core/Src/usart.o
LOAD Core/Startup/startup_stm32f401retx.o
LOAD Drivers/STM32F4xx_HAL_Driver/Src/stm32f4xx_hal.o
LOAD Drivers/STM32F4xx_HAL_Driver/Src/stm32f4xx_hal_adc.o
LOAD Drivers/STM32F4xx_HAL_Driver/Src/stm32f4xx_hal_adc_ex.o
LOAD Drivers/STM32F4xx_HAL_Driver/Src/stm32f4xx_hal_cortex.o
LOAD Drivers/STM32F4xx_HAL_Driver/Src/stm32f4xx_hal_dma.o
LOAD Drivers/STM32F4xx_HAL_Driver/Src/stm32f4xx_hal_dma_ex.o
LOAD Drivers/STM32F4xx_HAL_Driver/Src/stm32f4xx_hal_exti.o
LOAD Drivers/STM32F4xx_HAL_Driver/Src/stm32f4xx_hal_flash.o
LOAD Drivers/STM32F4xx_HAL_Driver/Src/stm32f4xx_hal_flash_ex.o
LOAD Drivers/STM32F4xx_HAL_Driver/Src/stm32f4xx_hal_flash_ramfunc.o
LOAD Drivers/STM32F4xx_HAL_Driver/Src/stm32f4xx_hal_gpio.o
LOAD Drivers/STM32F4xx_HAL_Driver/Src/stm32f4xx_hal_i2c.o
LOAD Drivers/STM32F4xx_HAL_Driver/Src/stm32f4xx_hal_i2c_ex.o
LOAD Drivers/STM32F4xx_HAL_Driver/Src/stm32f4xx_hal_pwr.o
LOAD Drivers/STM32F4xx_HAL_Driver/Src/stm32f4xx_hal_pwr_ex.o
LOAD Drivers/STM32F4xx_HAL_Driver/Src/stm32f4xx_hal_rcc.o
LOAD Drivers/STM32F4xx_HAL_Driver/Src/stm32f4xx_hal_rcc_ex.o
LOAD Drivers/STM32F4xx_HAL_Driver/Src/stm32f4xx_hal_tim.o
LOAD Drivers/STM32F4xx_HAL_Driver/Src/stm32f4xx_hal_tim_ex.o
LOAD Drivers/STM32F4xx_HAL_Driver/Src/stm32f4xx_hal_uart.o
START GROUP
LOAD c:/st/stm32cubeide_1.3.0/stm32cubeide/plugins/com.st.stm32cube.ide.mcu.externaltools.gnu-tools-for-stm32.7-2018-q2-update.win32_1.0.0.201904181610/tools/bin/../lib/gcc/arm-none-eabi/7.3.1/../../../../arm-none-eabi/lib/thumb/v7e-m/fpv4-sp/hard\libc_nano.a
LOAD c:/st/stm32cubeide_1.3.0/stm32cubeide/plugins/com.st.stm32cube.ide.mcu.externaltools.gnu-tools-for-stm32.7-2018-q2-update.win32_1.0.0.201904181610/tools/bin/../lib/gcc/arm-none-eabi/7.3.1/../../../../arm-none-eabi/lib/thumb/v7e-m/fpv4-sp/hard\libm.a
END GROUP
START GROUP
LOAD c:/st/stm32cubeide_1.3.0/stm32cubeide/plugins/com.st.stm32cube.ide.mcu.externaltools.gnu-tools-for-stm32.7-2018-q2-update.win32_1.0.0.201904181610/tools/bin/../lib/gcc/arm-none-eabi/7.3.1/thumb/v7e-m/fpv4-sp/hard\libgcc.a
LOAD c:/st/stm32cubeide_1.3.0/stm32cubeide/plugins/com.st.stm32cube.ide.mcu.externaltools.gnu-tools-for-stm32.7-2018-q2-update.win32_1.0.0.201904181610/tools/bin/../lib/gcc/arm-none-eabi/7.3.1/../../../../arm-none-eabi/lib/thumb/v7e-m/fpv4-sp/hard\libc_nano.a
END GROUP
START GROUP
LOAD c:/st/stm32cubeide_1.3.0/stm32cubeide/plugins/com.st.stm32cube.ide.mcu.externaltools.gnu-tools-for-stm32.7-2018-q2-update.win32_1.0.0.201904181610/tools/bin/../lib/gcc/arm-none-eabi/7.3.1/thumb/v7e-m/fpv4-sp/hard\libgcc.a
LOAD c:/st/stm32cubeide_1.3.0/stm32cubeide/plugins/com.st.stm32cube.ide.mcu.externaltools.gnu-tools-for-stm32.7-2018-q2-update.win32_1.0.0.201904181610/tools/bin/../lib/gcc/arm-none-eabi/7.3.1/../../../../arm-none-eabi/lib/thumb/v7e-m/fpv4-sp/hard\libc_nano.a
LOAD c:/st/stm32cubeide_1.3.0/stm32cubeide/plugins/com.st.stm32cube.ide.mcu.externaltools.gnu-tools-for-stm32.7-2018-q2-update.win32_1.0.0.201904181610/tools/bin/../lib/gcc/arm-none-eabi/7.3.1/../../../../arm-none-eabi/lib/thumb/v7e-m/fpv4-sp/hard\libnosys.a
END GROUP
START GROUP
LOAD c:/st/stm32cubeide_1.3.0/stm32cubeide/plugins/com.st.stm32cube.ide.mcu.externaltools.gnu-tools-for-stm32.7-2018-q2-update.win32_1.0.0.201904181610/tools/bin/../lib/gcc/arm-none-eabi/7.3.1/thumb/v7e-m/fpv4-sp/hard\libgcc.a
LOAD c:/st/stm32cubeide_1.3.0/stm32cubeide/plugins/com.st.stm32cube.ide.mcu.externaltools.gnu-tools-for-stm32.7-2018-q2-update.win32_1.0.0.201904181610/tools/bin/../lib/gcc/arm-none-eabi/7.3.1/../../../../arm-none-eabi/lib/thumb/v7e-m/fpv4-sp/hard\libc_nano.a
LOAD c:/st/stm32cubeide_1.3.0/stm32cubeide/plugins/com.st.stm32cube.ide.mcu.externaltools.gnu-tools-for-stm32.7-2018-q2-update.win32_1.0.0.201904181610/tools/bin/../lib/gcc/arm-none-eabi/7.3.1/../../../../arm-none-eabi/lib/thumb/v7e-m/fpv4-sp/hard\libnosys.a
END GROUP
LOAD c:/st/stm32cubeide_1.3.0/stm32cubeide/plugins/com.st.stm32cube.ide.mcu.externaltools.gnu-tools-for-stm32.7-2018-q2-update.win32_1.0.0.201904181610/tools/bin/../lib/gcc/arm-none-eabi/7.3.1/thumb/v7e-m/fpv4-sp/hard/crtend.o
LOAD c:/st/stm32cubeide_1.3.0/stm32cubeide/plugins/com.st.stm32cube.ide.mcu.externaltools.gnu-tools-for-stm32.7-2018-q2-update.win32_1.0.0.201904181610/tools/bin/../lib/gcc/arm-none-eabi/7.3.1/thumb/v7e-m/fpv4-sp/hard/crtn.o
                0x0000000020018000                _estack = (ORIGIN (RAM) + LENGTH (RAM))
                0x0000000000000200                _Min_Heap_Size = 0x200
                0x0000000000000400                _Min_Stack_Size = 0x400

.isr_vector     0x0000000008000000      0x194
                0x0000000008000000                . = ALIGN (0x4)
 *(.isr_vector)
 .isr_vector    0x0000000008000000      0x194 Core/Startup/startup_stm32f401retx.o
                0x0000000008000000                g_pfnVectors
                0x0000000008000194                . = ALIGN (0x4)

.text           0x00000000080001a0     0x5adc
                0x00000000080001a0                . = ALIGN (0x4)
 *(.text)
 .text          0x00000000080001a0       0x40 c:/st/stm32cubeide_1.3.0/stm32cubeide/plugins/com.st.stm32cube.ide.mcu.externaltools.gnu-tools-for-stm32.7-2018-q2-update.win32_1.0.0.201904181610/tools/bin/../lib/gcc/arm-none-eabi/7.3.1/thumb/v7e-m/fpv4-sp/hard/crtbegin.o
 .text          0x00000000080001e0       0x14 c:/st/stm32cubeide_1.3.0/stm32cubeide/plugins/com.st.stm32cube.ide.mcu.externaltools.gnu-tools-for-stm32.7-2018-q2-update.win32_1.0.0.201904181610/tools/bin/../lib/gcc/arm-none-eabi/7.3.1/../../../../arm-none-eabi/lib/thumb/v7e-m/fpv4-sp/hard\libc_nano.a(lib_a-strcmp.o)
                0x00000000080001e0                strcmp
 .text          0x00000000080001f4       0x10 c:/st/stm32cubeide_1.3.0/stm32cubeide/plugins/com.st.stm32cube.ide.mcu.externaltools.gnu-tools-for-stm32.7-2018-q2-update.win32_1.0.0.201904181610/tools/bin/../lib/gcc/arm-none-eabi/7.3.1/../../../../arm-none-eabi/lib/thumb/v7e-m/fpv4-sp/hard\libc_nano.a(lib_a-strlen.o)
                0x00000000080001f4                strlen
 *fill*         0x0000000008000204        0xc 
 .text          0x0000000008000210       0xa0 c:/st/stm32cubeide_1.3.0/stm32cubeide/plugins/com.st.stm32cube.ide.mcu.externaltools.gnu-tools-for-stm32.7-2018-q2-update.win32_1.0.0.201904181610/tools/bin/../lib/gcc/arm-none-eabi/7.3.1/../../../../arm-none-eabi/lib/thumb/v7e-m/fpv4-sp/hard\libc_nano.a(lib_a-memchr.o)
                0x0000000008000210                memchr
 .text          0x00000000080002b0       0x30 c:/st/stm32cubeide_1.3.0/stm32cubeide/plugins/com.st.stm32cube.ide.mcu.externaltools.gnu-tools-for-stm32.7-2018-q2-update.win32_1.0.0.201904181610/tools/bin/../lib/gcc/arm-none-eabi/7.3.1/thumb/v7e-m/fpv4-sp/hard\libgcc.a(_aeabi_uldivmod.o)
                0x00000000080002b0                __aeabi_uldivmod
 .text          0x00000000080002e0      0x2cc c:/st/stm32cubeide_1.3.0/stm32cubeide/plugins/com.st.stm32cube.ide.mcu.externaltools.gnu-tools-for-stm32.7-2018-q2-update.win32_1.0.0.201904181610/tools/bin/../lib/gcc/arm-none-eabi/7.3.1/thumb/v7e-m/fpv4-sp/hard\libgcc.a(_udivmoddi4.o)
                0x00000000080002e0                __udivmoddi4
 .text          0x00000000080005ac        0x4 c:/st/stm32cubeide_1.3.0/stm32cubeide/plugins/com.st.stm32cube.ide.mcu.externaltools.gnu-tools-for-stm32.7-2018-q2-update.win32_1.0.0.201904181610/tools/bin/../lib/gcc/arm-none-eabi/7.3.1/thumb/v7e-m/fpv4-sp/hard\libgcc.a(_dvmd_tls.o)
                0x00000000080005ac                __aeabi_idiv0
                0x00000000080005ac                __aeabi_ldiv0
 *(.text*)
 .text.MX_ADC1_Init
                0x00000000080005b0       0x64 Core/Src/adc.o
                0x00000000080005b0                MX_ADC1_Init
 .text.HAL_ADC_MspInit
                0x0000000008000614       0xb0 Core/Src/adc.o
                0x0000000008000614                HAL_ADC_MspInit
 .text.check_date
                0x00000000080006c4       0x4c Core/Src/check_configuration.o
                0x00000000080006c4                check_date
 .text.check_time
                0x0000000008000710       0x16 Core/Src/check_configuration.o
                0x0000000008000710                check_time
 .text.check_alarm_delay
                0x0000000008000726        0xa Core/Src/check_configuration.o
                0x0000000008000726                check_alarm_delay
 .text.check_alarm_duration
                0x0000000008000730        0xc Core/Src/check_configuration.o
                0x0000000008000730                check_alarm_duration
 .text.is_number
                0x000000000800073c       0x28 Core/Src/check_configuration.o
                0x000000000800073c                is_number
 .text.check_user_pin
                0x0000000008000764       0x24 Core/Src/check_configuration.o
                0x0000000008000764                check_user_pin
 .text.configuration_rejected
                0x0000000008000788       0x1c Core/Src/check_configuration.o
                0x0000000008000788                configuration_rejected
 .text.configuration_accepted
                0x00000000080007a4        0x4 Core/Src/check_configuration.o
                0x00000000080007a4                configuration_accepted
 .text.command_rejected
                0x00000000080007a8       0x1c Core/Src/check_procedure.o
                0x00000000080007a8                command_rejected
 .text.command_accepted
                0x00000000080007c4        0x4 Core/Src/check_procedure.o
                0x00000000080007c4                command_accepted
 .text.user_pin_rejected
                0x00000000080007c8        0x4 Core/Src/check_procedure.o
                0x00000000080007c8                user_pin_rejected
 .text.matchPin
                0x00000000080007cc        0xe Core/Src/check_procedure.o
                0x00000000080007cc                matchPin
 *fill*         0x00000000080007da        0x2 
 .text.setup    0x00000000080007dc       0x14 Core/Src/configuration.o
                0x00000000080007dc                setup
 .text.default_configuration
                0x00000000080007f0       0x50 Core/Src/configuration.o
                0x00000000080007f0                default_configuration
 .text.user_configuration
                0x0000000008000840       0x30 Core/Src/configuration.o
                0x0000000008000840                user_configuration
 .text.HAL_UART_RxCpltCallback
                0x0000000008000870      0x1f0 Core/Src/configuration.o
                0x0000000008000870                HAL_UART_RxCpltCallback
 .text.HAL_UART_TxCpltCallback
                0x0000000008000a60       0x94 Core/Src/configuration.o
                0x0000000008000a60                HAL_UART_TxCpltCallback
 .text.MX_DMA_Init
                0x0000000008000af4       0x68 Core/Src/dma.o
                0x0000000008000af4                MX_DMA_Init
 .text.bcd2Dec  0x0000000008000b5c       0x12 Core/Src/ds1307rtc.o
                0x0000000008000b5c                bcd2Dec
 .text.dec2Bcd  0x0000000008000b6e       0x12 Core/Src/ds1307rtc.o
                0x0000000008000b6e                dec2Bcd
 .text.ds1307rtc_init
                0x0000000008000b80       0x20 Core/Src/ds1307rtc.o
                0x0000000008000b80                ds1307rtc_init
 .text.ds1307rtc_get_date_time
                0x0000000008000ba0       0x30 Core/Src/ds1307rtc.o
                0x0000000008000ba0                ds1307rtc_get_date_time
 .text.ds1307rtc_set_date_time
                0x0000000008000bd0       0x7c Core/Src/ds1307rtc.o
                0x0000000008000bd0                ds1307rtc_set_date_time
 .text.HAL_I2C_MemTxCpltCallback
                0x0000000008000c4c        0x2 Core/Src/ds1307rtc.o
                0x0000000008000c4c                HAL_I2C_MemTxCpltCallback
 *fill*         0x0000000008000c4e        0x2 
 .text.HAL_I2C_MemRxCpltCallback
                0x0000000008000c50       0x5c Core/Src/ds1307rtc.o
                0x0000000008000c50                HAL_I2C_MemRxCpltCallback
 .text.MX_GPIO_Init
                0x0000000008000cac      0x124 Core/Src/gpio.o
                0x0000000008000cac                MX_GPIO_Init
 .text.MX_I2C1_Init
                0x0000000008000dd0       0x3c Core/Src/i2c.o
                0x0000000008000dd0                MX_I2C1_Init
 .text.HAL_I2C_MspInit
                0x0000000008000e0c       0xb8 Core/Src/i2c.o
                0x0000000008000e0c                HAL_I2C_MspInit
 .text.KeyPad_Init
                0x0000000008000ec4       0xa4 Core/Src/keypad.o
                0x0000000008000ec4                KeyPad_Init
 .text.KeyPad_Scan
                0x0000000008000f68       0xd4 Core/Src/keypad.o
                0x0000000008000f68                KeyPad_Scan
 .text.KeyPad_WaitForKey
                0x000000000800103c       0x44 Core/Src/keypad.o
                0x000000000800103c                KeyPad_WaitForKey
 .text.buzz     0x0000000008001080       0x28 Core/Src/keypad.o
                0x0000000008001080                buzz
 .text.key_pad_get_char
                0x00000000080010a8      0x106 Core/Src/keypad.o
                0x00000000080010a8                key_pad_get_char
 .text.key_pad_get_pin
                0x00000000080011ae       0x2e Core/Src/keypad.o
                0x00000000080011ae                key_pad_get_pin
 .text.peripherals_init
                0x00000000080011dc       0x36 Core/Src/main.o
                0x00000000080011dc                peripherals_init
 *fill*         0x0000000008001212        0x2 
 .text.SystemClock_Config
                0x0000000008001214       0x94 Core/Src/main.o
                0x0000000008001214                SystemClock_Config
 .text.startup.main
                0x00000000080012a8       0x30 Core/Src/main.o
                0x00000000080012a8                main
 .text.Error_Handler
                0x00000000080012d8        0x2 Core/Src/main.o
                0x00000000080012d8                Error_Handler
 *fill*         0x00000000080012da        0x2 
 .text.clear_vector
                0x00000000080012dc       0x10 Core/Src/procedure.o
                0x00000000080012dc                clear_vector
 .text.getSymbols
                0x00000000080012ec       0x40 Core/Src/procedure.o
                0x00000000080012ec                getSymbols
 .text.checkSymbol
                0x000000000800132c       0x30 Core/Src/procedure.o
                0x000000000800132c                checkSymbol
 .text.boot_system
                0x000000000800135c       0x14 Core/Src/procedure.o
                0x000000000800135c                boot_system
 .text.setOrReset
                0x0000000008001370      0x140 Core/Src/procedure.o
                0x0000000008001370                setOrReset
 .text.start_sequence
                0x00000000080014b0       0x48 Core/Src/procedure.o
                0x00000000080014b0                start_sequence
 .text.HAL_GPIO_EXTI_Callback
                0x00000000080014f8       0x80 Core/Src/protocol.o
                0x00000000080014f8                HAL_GPIO_EXTI_Callback
 .text.HAL_ADC_ConvCpltCallback
                0x0000000008001578       0x74 Core/Src/protocol.o
                0x0000000008001578                HAL_ADC_ConvCpltCallback
 .text.ring_alarm
                0x00000000080015ec       0x70 Core/Src/sound_alarm.o
                0x00000000080015ec                ring_alarm
 .text.check_alarms
                0x000000000800165c       0x1c Core/Src/sound_alarm.o
                0x000000000800165c                check_alarms
 .text.HAL_MspInit
                0x0000000008001678       0x38 Core/Src/stm32f4xx_hal_msp.o
                0x0000000008001678                HAL_MspInit
 .text.NMI_Handler
                0x00000000080016b0        0x2 Core/Src/stm32f4xx_it.o
                0x00000000080016b0                NMI_Handler
 .text.HardFault_Handler
                0x00000000080016b2        0x2 Core/Src/stm32f4xx_it.o
                0x00000000080016b2                HardFault_Handler
 .text.MemManage_Handler
                0x00000000080016b4        0x2 Core/Src/stm32f4xx_it.o
                0x00000000080016b4                MemManage_Handler
 .text.BusFault_Handler
                0x00000000080016b6        0x2 Core/Src/stm32f4xx_it.o
                0x00000000080016b6                BusFault_Handler
 .text.UsageFault_Handler
                0x00000000080016b8        0x2 Core/Src/stm32f4xx_it.o
                0x00000000080016b8                UsageFault_Handler
 .text.SVC_Handler
                0x00000000080016ba        0x2 Core/Src/stm32f4xx_it.o
                0x00000000080016ba                SVC_Handler
 .text.DebugMon_Handler
                0x00000000080016bc        0x2 Core/Src/stm32f4xx_it.o
                0x00000000080016bc                DebugMon_Handler
 .text.PendSV_Handler
                0x00000000080016be        0x2 Core/Src/stm32f4xx_it.o
                0x00000000080016be                PendSV_Handler
 .text.SysTick_Handler
                0x00000000080016c0        0x4 Core/Src/stm32f4xx_it.o
                0x00000000080016c0                SysTick_Handler
 .text.EXTI3_IRQHandler
                0x00000000080016c4        0x6 Core/Src/stm32f4xx_it.o
                0x00000000080016c4                EXTI3_IRQHandler
 *fill*         0x00000000080016ca        0x2 
 .text.DMA1_Stream0_IRQHandler
                0x00000000080016cc        0xc Core/Src/stm32f4xx_it.o
                0x00000000080016cc                DMA1_Stream0_IRQHandler
 .text.DMA1_Stream6_IRQHandler
                0x00000000080016d8        0xc Core/Src/stm32f4xx_it.o
                0x00000000080016d8                DMA1_Stream6_IRQHandler
 .text.ADC_IRQHandler
                0x00000000080016e4        0xc Core/Src/stm32f4xx_it.o
                0x00000000080016e4                ADC_IRQHandler
 .text.TIM1_BRK_TIM9_IRQHandler
                0x00000000080016f0        0xc Core/Src/stm32f4xx_it.o
                0x00000000080016f0                TIM1_BRK_TIM9_IRQHandler
 .text.TIM1_UP_TIM10_IRQHandler
                0x00000000080016fc        0xc Core/Src/stm32f4xx_it.o
                0x00000000080016fc                TIM1_UP_TIM10_IRQHandler
 .text.TIM1_TRG_COM_TIM11_IRQHandler
                0x0000000008001708        0xc Core/Src/stm32f4xx_it.o
                0x0000000008001708                TIM1_TRG_COM_TIM11_IRQHandler
 .text.TIM3_IRQHandler
                0x0000000008001714        0xc Core/Src/stm32f4xx_it.o
                0x0000000008001714                TIM3_IRQHandler
 .text.TIM4_IRQHandler
                0x0000000008001720        0xc Core/Src/stm32f4xx_it.o
                0x0000000008001720                TIM4_IRQHandler
 .text.I2C1_EV_IRQHandler
                0x000000000800172c        0xc Core/Src/stm32f4xx_it.o
                0x000000000800172c                I2C1_EV_IRQHandler
 .text.USART2_IRQHandler
                0x0000000008001738        0xc Core/Src/stm32f4xx_it.o
                0x0000000008001738                USART2_IRQHandler
 .text.TIM5_IRQHandler
                0x0000000008001744        0xc Core/Src/stm32f4xx_it.o
                0x0000000008001744                TIM5_IRQHandler
 .text.DMA2_Stream0_IRQHandler
                0x0000000008001750        0xc Core/Src/stm32f4xx_it.o
                0x0000000008001750                DMA2_Stream0_IRQHandler
 .text._sbrk    0x000000000800175c       0x34 Core/Src/sysmem.o
                0x000000000800175c                _sbrk
 .text.get_time
                0x0000000008001790       0x3c Core/Src/system_log.o
                0x0000000008001790                get_time
 .text.period_log
                0x00000000080017cc       0xb4 Core/Src/system_log.o
                0x00000000080017cc                period_log
 .text.SystemInit
                0x0000000008001880       0x1c Core/Src/system_stm32f4xx.o
                0x0000000008001880                SystemInit
 .text.MX_TIM4_Init
                0x000000000800189c       0x74 Core/Src/tim.o
                0x000000000800189c                MX_TIM4_Init
 .text.MX_TIM5_Init
                0x0000000008001910       0x74 Core/Src/tim.o
                0x0000000008001910                MX_TIM5_Init
 .text.MX_TIM9_Init
                0x0000000008001984       0x5c Core/Src/tim.o
                0x0000000008001984                MX_TIM9_Init
 .text.MX_TIM10_Init
                0x00000000080019e0       0x3c Core/Src/tim.o
                0x00000000080019e0                MX_TIM10_Init
 .text.MX_TIM11_Init
                0x0000000008001a1c       0x38 Core/Src/tim.o
                0x0000000008001a1c                MX_TIM11_Init
 .text.HAL_TIM_Base_MspInit
                0x0000000008001a54      0x12c Core/Src/tim.o
                0x0000000008001a54                HAL_TIM_Base_MspInit
 .text.HAL_TIM_MspPostInit
                0x0000000008001b80       0x54 Core/Src/tim.o
                0x0000000008001b80                HAL_TIM_MspPostInit
 .text.MX_TIM3_Init
                0x0000000008001bd4       0x9c Core/Src/tim.o
                0x0000000008001bd4                MX_TIM3_Init
 .text.HAL_TIM_PeriodElapsedCallback
                0x0000000008001c70      0x13c Core/Src/timer_management.o
                0x0000000008001c70                HAL_TIM_PeriodElapsedCallback
 .text.HAL_TIM_PWM_PulseFinishedCallback
                0x0000000008001dac       0x78 Core/Src/timer_management.o
                0x0000000008001dac                HAL_TIM_PWM_PulseFinishedCallback
 .text.MX_USART2_UART_Init
                0x0000000008001e24       0x38 Core/Src/usart.o
                0x0000000008001e24                MX_USART2_UART_Init
 .text.HAL_UART_MspInit
                0x0000000008001e5c       0xb4 Core/Src/usart.o
                0x0000000008001e5c                HAL_UART_MspInit
 .text.Reset_Handler
                0x0000000008001f10       0x50 Core/Startup/startup_stm32f401retx.o
                0x0000000008001f10                Reset_Handler
 .text.Default_Handler
                0x0000000008001f60        0x2 Core/Startup/startup_stm32f401retx.o
                0x0000000008001f60                RTC_Alarm_IRQHandler
                0x0000000008001f60                EXTI2_IRQHandler
                0x0000000008001f60                SPI4_IRQHandler
                0x0000000008001f60                TIM1_CC_IRQHandler
                0x0000000008001f60                DMA2_Stream5_IRQHandler
                0x0000000008001f60                DMA1_Stream5_IRQHandler
                0x0000000008001f60                PVD_IRQHandler
                0x0000000008001f60                SDIO_IRQHandler
                0x0000000008001f60                TAMP_STAMP_IRQHandler
                0x0000000008001f60                I2C3_ER_IRQHandler
                0x0000000008001f60                EXTI0_IRQHandler
                0x0000000008001f60                I2C2_EV_IRQHandler
                0x0000000008001f60                DMA1_Stream2_IRQHandler
                0x0000000008001f60                FPU_IRQHandler
                0x0000000008001f60                DMA2_Stream2_IRQHandler
                0x0000000008001f60                SPI1_IRQHandler
                0x0000000008001f60                DMA2_Stream3_IRQHandler
                0x0000000008001f60                USART6_IRQHandler
                0x0000000008001f60                DMA1_Stream1_IRQHandler
                0x0000000008001f60                RCC_IRQHandler
                0x0000000008001f60                Default_Handler
                0x0000000008001f60                EXTI15_10_IRQHandler
                0x0000000008001f60                DMA1_Stream7_IRQHandler
                0x0000000008001f60                DMA2_Stream7_IRQHandler
                0x0000000008001f60                I2C3_EV_IRQHandler
                0x0000000008001f60                EXTI9_5_IRQHandler
                0x0000000008001f60                RTC_WKUP_IRQHandler
                0x0000000008001f60                SPI2_IRQHandler
                0x0000000008001f60                EXTI4_IRQHandler
                0x0000000008001f60                WWDG_IRQHandler
                0x0000000008001f60                TIM2_IRQHandler
                0x0000000008001f60                OTG_FS_WKUP_IRQHandler
                0x0000000008001f60                EXTI1_IRQHandler
                0x0000000008001f60                I2C2_ER_IRQHandler
                0x0000000008001f60                DMA2_Stream1_IRQHandler
                0x0000000008001f60                FLASH_IRQHandler
                0x0000000008001f60                DMA2_Stream4_IRQHandler
                0x0000000008001f60                USART1_IRQHandler
                0x0000000008001f60                OTG_FS_IRQHandler
                0x0000000008001f60                SPI3_IRQHandler
                0x0000000008001f60                DMA1_Stream4_IRQHandler
                0x0000000008001f60                I2C1_ER_IRQHandler
                0x0000000008001f60                DMA2_Stream6_IRQHandler
                0x0000000008001f60                DMA1_Stream3_IRQHandler
 *fill*         0x0000000008001f62        0x2 
 .text.HAL_InitTick
                0x0000000008001f64       0x48 Drivers/STM32F4xx_HAL_Driver/Src/stm32f4xx_hal.o
                0x0000000008001f64                HAL_InitTick
 .text.HAL_Init
                0x0000000008001fac       0x34 Drivers/STM32F4xx_HAL_Driver/Src/stm32f4xx_hal.o
                0x0000000008001fac                HAL_Init
 .text.HAL_IncTick
                0x0000000008001fe0       0x18 Drivers/STM32F4xx_HAL_Driver/Src/stm32f4xx_hal.o
                0x0000000008001fe0                HAL_IncTick
 .text.HAL_GetTick
                0x0000000008001ff8        0xc Drivers/STM32F4xx_HAL_Driver/Src/stm32f4xx_hal.o
                0x0000000008001ff8                HAL_GetTick
 .text.HAL_Delay
                0x0000000008002004       0x28 Drivers/STM32F4xx_HAL_Driver/Src/stm32f4xx_hal.o
                0x0000000008002004                HAL_Delay
 .text.HAL_ADC_Init
                0x000000000800202c      0x14c Drivers/STM32F4xx_HAL_Driver/Src/stm32f4xx_hal_adc.o
                0x000000000800202c                HAL_ADC_Init
 .text.HAL_ADC_Start_DMA
                0x0000000008002178      0x100 Drivers/STM32F4xx_HAL_Driver/Src/stm32f4xx_hal_adc.o
                0x0000000008002178                HAL_ADC_Start_DMA
 .text.HAL_ADC_Stop_DMA
                0x0000000008002278       0x5a Drivers/STM32F4xx_HAL_Driver/Src/stm32f4xx_hal_adc.o
                0x0000000008002278                HAL_ADC_Stop_DMA
 .text.HAL_ADC_ConvHalfCpltCallback
                0x00000000080022d2        0x2 Drivers/STM32F4xx_HAL_Driver/Src/stm32f4xx_hal_adc.o
                0x00000000080022d2                HAL_ADC_ConvHalfCpltCallback
 .text.ADC_DMAHalfConvCplt
                0x00000000080022d4        0xa Drivers/STM32F4xx_HAL_Driver/Src/stm32f4xx_hal_adc.o
 .text.HAL_ADC_LevelOutOfWindowCallback
                0x00000000080022de        0x2 Drivers/STM32F4xx_HAL_Driver/Src/stm32f4xx_hal_adc.o
                0x00000000080022de                HAL_ADC_LevelOutOfWindowCallback
 .text.HAL_ADC_ErrorCallback
                0x00000000080022e0        0x2 Drivers/STM32F4xx_HAL_Driver/Src/stm32f4xx_hal_adc.o
                0x00000000080022e0                HAL_ADC_ErrorCallback
 .text.HAL_ADC_IRQHandler
                0x00000000080022e2      0x128 Drivers/STM32F4xx_HAL_Driver/Src/stm32f4xx_hal_adc.o
                0x00000000080022e2                HAL_ADC_IRQHandler
 .text.ADC_DMAError
                0x000000000800240a       0x16 Drivers/STM32F4xx_HAL_Driver/Src/stm32f4xx_hal_adc.o
 .text.ADC_DMAConvCplt
                0x0000000008002420       0x6c Drivers/STM32F4xx_HAL_Driver/Src/stm32f4xx_hal_adc.o
 .text.HAL_ADC_ConfigChannel
                0x000000000800248c      0x120 Drivers/STM32F4xx_HAL_Driver/Src/stm32f4xx_hal_adc.o
                0x000000000800248c                HAL_ADC_ConfigChannel
 .text.HAL_ADCEx_InjectedConvCpltCallback
                0x00000000080025ac        0x2 Drivers/STM32F4xx_HAL_Driver/Src/stm32f4xx_hal_adc_ex.o
                0x00000000080025ac                HAL_ADCEx_InjectedConvCpltCallback
 *fill*         0x00000000080025ae        0x2 
 .text.HAL_NVIC_SetPriorityGrouping
                0x00000000080025b0       0x24 Drivers/STM32F4xx_HAL_Driver/Src/stm32f4xx_hal_cortex.o
                0x00000000080025b0                HAL_NVIC_SetPriorityGrouping
 .text.HAL_NVIC_SetPriority
                0x00000000080025d4       0x68 Drivers/STM32F4xx_HAL_Driver/Src/stm32f4xx_hal_cortex.o
                0x00000000080025d4                HAL_NVIC_SetPriority
 .text.HAL_NVIC_EnableIRQ
                0x000000000800263c       0x1c Drivers/STM32F4xx_HAL_Driver/Src/stm32f4xx_hal_cortex.o
                0x000000000800263c                HAL_NVIC_EnableIRQ
 .text.HAL_SYSTICK_Config
                0x0000000008002658       0x2c Drivers/STM32F4xx_HAL_Driver/Src/stm32f4xx_hal_cortex.o
                0x0000000008002658                HAL_SYSTICK_Config
 .text.DMA_CalcBaseAndBitshift
                0x0000000008002684       0x2c Drivers/STM32F4xx_HAL_Driver/Src/stm32f4xx_hal_dma.o
 .text.HAL_DMA_Init
                0x00000000080026b0       0xfc Drivers/STM32F4xx_HAL_Driver/Src/stm32f4xx_hal_dma.o
                0x00000000080026b0                HAL_DMA_Init
 .text.HAL_DMA_Start_IT
                0x00000000080027ac       0x74 Drivers/STM32F4xx_HAL_Driver/Src/stm32f4xx_hal_dma.o
                0x00000000080027ac                HAL_DMA_Start_IT
 .text.HAL_DMA_Abort
                0x0000000008002820       0x86 Drivers/STM32F4xx_HAL_Driver/Src/stm32f4xx_hal_dma.o
                0x0000000008002820                HAL_DMA_Abort
 .text.HAL_DMA_Abort_IT
                0x00000000080028a6       0x24 Drivers/STM32F4xx_HAL_Driver/Src/stm32f4xx_hal_dma.o
                0x00000000080028a6                HAL_DMA_Abort_IT
 *fill*         0x00000000080028ca        0x2 
 .text.HAL_DMA_IRQHandler
                0x00000000080028cc      0x17c Drivers/STM32F4xx_HAL_Driver/Src/stm32f4xx_hal_dma.o
                0x00000000080028cc                HAL_DMA_IRQHandler
 .text.HAL_DMA_GetState
                0x0000000008002a48        0x6 Drivers/STM32F4xx_HAL_Driver/Src/stm32f4xx_hal_dma.o
                0x0000000008002a48                HAL_DMA_GetState
 .text.HAL_DMA_GetError
                0x0000000008002a4e        0x4 Drivers/STM32F4xx_HAL_Driver/Src/stm32f4xx_hal_dma.o
                0x0000000008002a4e                HAL_DMA_GetError
 *fill*         0x0000000008002a52        0x2 
 .text.HAL_GPIO_Init
                0x0000000008002a54      0x19c Drivers/STM32F4xx_HAL_Driver/Src/stm32f4xx_hal_gpio.o
                0x0000000008002a54                HAL_GPIO_Init
 .text.HAL_GPIO_ReadPin
                0x0000000008002bf0        0xc Drivers/STM32F4xx_HAL_Driver/Src/stm32f4xx_hal_gpio.o
                0x0000000008002bf0                HAL_GPIO_ReadPin
 .text.HAL_GPIO_WritePin
                0x0000000008002bfc        0xa Drivers/STM32F4xx_HAL_Driver/Src/stm32f4xx_hal_gpio.o
                0x0000000008002bfc                HAL_GPIO_WritePin
 .text.HAL_GPIO_TogglePin
                0x0000000008002c06        0xe Drivers/STM32F4xx_HAL_Driver/Src/stm32f4xx_hal_gpio.o
                0x0000000008002c06                HAL_GPIO_TogglePin
 .text.HAL_GPIO_EXTI_IRQHandler
                0x0000000008002c14       0x18 Drivers/STM32F4xx_HAL_Driver/Src/stm32f4xx_hal_gpio.o
                0x0000000008002c14                HAL_GPIO_EXTI_IRQHandler
 .text.I2C_IsAcknowledgeFailed
                0x0000000008002c2c       0x34 Drivers/STM32F4xx_HAL_Driver/Src/stm32f4xx_hal_i2c.o
 .text.I2C_WaitOnMasterAddressFlagUntilTimeout
                0x0000000008002c60       0x74 Drivers/STM32F4xx_HAL_Driver/Src/stm32f4xx_hal_i2c.o
 .text.I2C_MemoryTransmit_TXE_BTF
                0x0000000008002cd4       0x6c Drivers/STM32F4xx_HAL_Driver/Src/stm32f4xx_hal_i2c.o
 .text.I2C_WaitOnBTFFlagUntilTimeout
                0x0000000008002d40       0x4c Drivers/STM32F4xx_HAL_Driver/Src/stm32f4xx_hal_i2c.o
 .text.I2C_WaitOnFlagUntilTimeout
                0x0000000008002d8c       0x62 Drivers/STM32F4xx_HAL_Driver/Src/stm32f4xx_hal_i2c.o
 .text.I2C_WaitOnTXEFlagUntilTimeout
                0x0000000008002dee       0x4c Drivers/STM32F4xx_HAL_Driver/Src/stm32f4xx_hal_i2c.o
 *fill*         0x0000000008002e3a        0x2 
 .text.I2C_RequestMemoryWrite
                0x0000000008002e3c       0xac Drivers/STM32F4xx_HAL_Driver/Src/stm32f4xx_hal_i2c.o
 .text.I2C_RequestMemoryRead
                0x0000000008002ee8       0xfc Drivers/STM32F4xx_HAL_Driver/Src/stm32f4xx_hal_i2c.o
 .text.HAL_I2C_Init
                0x0000000008002fe4      0x158 Drivers/STM32F4xx_HAL_Driver/Src/stm32f4xx_hal_i2c.o
                0x0000000008002fe4                HAL_I2C_Init
 .text.HAL_I2C_Mem_Write
                0x000000000800313c      0x120 Drivers/STM32F4xx_HAL_Driver/Src/stm32f4xx_hal_i2c.o
                0x000000000800313c                HAL_I2C_Mem_Write
 .text.HAL_I2C_Mem_Read_DMA
                0x000000000800325c      0x190 Drivers/STM32F4xx_HAL_Driver/Src/stm32f4xx_hal_i2c.o
                0x000000000800325c                HAL_I2C_Mem_Read_DMA
 .text.HAL_I2C_IsDeviceReady
                0x00000000080033ec      0x160 Drivers/STM32F4xx_HAL_Driver/Src/stm32f4xx_hal_i2c.o
                0x00000000080033ec                HAL_I2C_IsDeviceReady
 .text.HAL_I2C_MasterTxCpltCallback
                0x000000000800354c        0x2 Drivers/STM32F4xx_HAL_Driver/Src/stm32f4xx_hal_i2c.o
                0x000000000800354c                HAL_I2C_MasterTxCpltCallback
 .text.HAL_I2C_MasterRxCpltCallback
                0x000000000800354e        0x2 Drivers/STM32F4xx_HAL_Driver/Src/stm32f4xx_hal_i2c.o
                0x000000000800354e                HAL_I2C_MasterRxCpltCallback
 .text.HAL_I2C_SlaveTxCpltCallback
                0x0000000008003550        0x2 Drivers/STM32F4xx_HAL_Driver/Src/stm32f4xx_hal_i2c.o
                0x0000000008003550                HAL_I2C_SlaveTxCpltCallback
 .text.HAL_I2C_SlaveRxCpltCallback
                0x0000000008003552        0x2 Drivers/STM32F4xx_HAL_Driver/Src/stm32f4xx_hal_i2c.o
                0x0000000008003552                HAL_I2C_SlaveRxCpltCallback
 .text.HAL_I2C_AddrCallback
                0x0000000008003554        0x2 Drivers/STM32F4xx_HAL_Driver/Src/stm32f4xx_hal_i2c.o
                0x0000000008003554                HAL_I2C_AddrCallback
 .text.HAL_I2C_ListenCpltCallback
                0x0000000008003556        0x2 Drivers/STM32F4xx_HAL_Driver/Src/stm32f4xx_hal_i2c.o
                0x0000000008003556                HAL_I2C_ListenCpltCallback
 .text.HAL_I2C_ErrorCallback
                0x0000000008003558        0x2 Drivers/STM32F4xx_HAL_Driver/Src/stm32f4xx_hal_i2c.o
                0x0000000008003558                HAL_I2C_ErrorCallback
 .text.I2C_DMAError
                0x000000000800355a       0x44 Drivers/STM32F4xx_HAL_Driver/Src/stm32f4xx_hal_i2c.o
 .text.I2C_DMAXferCplt
                0x000000000800359e      0x108 Drivers/STM32F4xx_HAL_Driver/Src/stm32f4xx_hal_i2c.o
 .text.HAL_I2C_AbortCpltCallback
                0x00000000080036a6        0x2 Drivers/STM32F4xx_HAL_Driver/Src/stm32f4xx_hal_i2c.o
                0x00000000080036a6                HAL_I2C_AbortCpltCallback
 .text.I2C_DMAAbort
                0x00000000080036a8       0x88 Drivers/STM32F4xx_HAL_Driver/Src/stm32f4xx_hal_i2c.o
 .text.I2C_ITError
                0x0000000008003730      0x148 Drivers/STM32F4xx_HAL_Driver/Src/stm32f4xx_hal_i2c.o
 .text.HAL_I2C_EV_IRQHandler
                0x0000000008003878      0x814 Drivers/STM32F4xx_HAL_Driver/Src/stm32f4xx_hal_i2c.o
                0x0000000008003878                HAL_I2C_EV_IRQHandler
 .text.HAL_RCC_OscConfig
                0x000000000800408c      0x34c Drivers/STM32F4xx_HAL_Driver/Src/stm32f4xx_hal_rcc.o
                0x000000000800408c                HAL_RCC_OscConfig
 .text.HAL_RCC_GetSysClockFreq
                0x00000000080043d8       0x5c Drivers/STM32F4xx_HAL_Driver/Src/stm32f4xx_hal_rcc.o
                0x00000000080043d8                HAL_RCC_GetSysClockFreq
 .text.HAL_RCC_ClockConfig
                0x0000000008004434      0x134 Drivers/STM32F4xx_HAL_Driver/Src/stm32f4xx_hal_rcc.o
                0x0000000008004434                HAL_RCC_ClockConfig
 .text.HAL_RCC_GetPCLK1Freq
                0x0000000008004568       0x20 Drivers/STM32F4xx_HAL_Driver/Src/stm32f4xx_hal_rcc.o
                0x0000000008004568                HAL_RCC_GetPCLK1Freq
 .text.HAL_RCC_GetPCLK2Freq
                0x0000000008004588       0x20 Drivers/STM32F4xx_HAL_Driver/Src/stm32f4xx_hal_rcc.o
                0x0000000008004588                HAL_RCC_GetPCLK2Freq
 .text.TIM_OC1_SetConfig
                0x00000000080045a8       0x50 Drivers/STM32F4xx_HAL_Driver/Src/stm32f4xx_hal_tim.o
 .text.TIM_OC3_SetConfig
                0x00000000080045f8       0x54 Drivers/STM32F4xx_HAL_Driver/Src/stm32f4xx_hal_tim.o
 .text.TIM_OC4_SetConfig
                0x000000000800464c       0x44 Drivers/STM32F4xx_HAL_Driver/Src/stm32f4xx_hal_tim.o
 .text.HAL_TIM_Base_Start_IT
                0x0000000008004690       0x20 Drivers/STM32F4xx_HAL_Driver/Src/stm32f4xx_hal_tim.o
                0x0000000008004690                HAL_TIM_Base_Start_IT
 .text.HAL_TIM_Base_Stop_IT
                0x00000000080046b0       0x2a Drivers/STM32F4xx_HAL_Driver/Src/stm32f4xx_hal_tim.o
                0x00000000080046b0                HAL_TIM_Base_Stop_IT
 .text.HAL_TIM_PWM_MspInit
                0x00000000080046da        0x2 Drivers/STM32F4xx_HAL_Driver/Src/stm32f4xx_hal_tim.o
                0x00000000080046da                HAL_TIM_PWM_MspInit
 .text.HAL_TIM_ReadCapturedValue
                0x00000000080046dc       0x32 Drivers/STM32F4xx_HAL_Driver/Src/stm32f4xx_hal_tim.o
                0x00000000080046dc                HAL_TIM_ReadCapturedValue
 .text.HAL_TIM_OC_DelayElapsedCallback
                0x000000000800470e        0x2 Drivers/STM32F4xx_HAL_Driver/Src/stm32f4xx_hal_tim.o
                0x000000000800470e                HAL_TIM_OC_DelayElapsedCallback
 .text.HAL_TIM_IC_CaptureCallback
                0x0000000008004710        0x2 Drivers/STM32F4xx_HAL_Driver/Src/stm32f4xx_hal_tim.o
                0x0000000008004710                HAL_TIM_IC_CaptureCallback
 .text.HAL_TIM_TriggerCallback
                0x0000000008004712        0x2 Drivers/STM32F4xx_HAL_Driver/Src/stm32f4xx_hal_tim.o
                0x0000000008004712                HAL_TIM_TriggerCallback
 .text.HAL_TIM_IRQHandler
                0x0000000008004714      0x144 Drivers/STM32F4xx_HAL_Driver/Src/stm32f4xx_hal_tim.o
                0x0000000008004714                HAL_TIM_IRQHandler
 .text.TIM_Base_SetConfig
                0x0000000008004858       0x9c Drivers/STM32F4xx_HAL_Driver/Src/stm32f4xx_hal_tim.o
                0x0000000008004858                TIM_Base_SetConfig
 .text.HAL_TIM_Base_Init
                0x00000000080048f4       0x34 Drivers/STM32F4xx_HAL_Driver/Src/stm32f4xx_hal_tim.o
                0x00000000080048f4                HAL_TIM_Base_Init
 .text.HAL_TIM_PWM_Init
                0x0000000008004928       0x34 Drivers/STM32F4xx_HAL_Driver/Src/stm32f4xx_hal_tim.o
                0x0000000008004928                HAL_TIM_PWM_Init
 .text.TIM_OC2_SetConfig
                0x000000000800495c       0x58 Drivers/STM32F4xx_HAL_Driver/Src/stm32f4xx_hal_tim.o
                0x000000000800495c                TIM_OC2_SetConfig
 .text.HAL_TIM_PWM_ConfigChannel
                0x00000000080049b4       0xc4 Drivers/STM32F4xx_HAL_Driver/Src/stm32f4xx_hal_tim.o
                0x00000000080049b4                HAL_TIM_PWM_ConfigChannel
 .text.TIM_ETR_SetConfig
                0x0000000008004a78       0x14 Drivers/STM32F4xx_HAL_Driver/Src/stm32f4xx_hal_tim.o
                0x0000000008004a78                TIM_ETR_SetConfig
 .text.HAL_TIM_ConfigClockSource
                0x0000000008004a8c      0x128 Drivers/STM32F4xx_HAL_Driver/Src/stm32f4xx_hal_tim.o
                0x0000000008004a8c                HAL_TIM_ConfigClockSource
 .text.TIM_CCxChannelCmd
                0x0000000008004bb4       0x1c Drivers/STM32F4xx_HAL_Driver/Src/stm32f4xx_hal_tim.o
                0x0000000008004bb4                TIM_CCxChannelCmd
 .text.HAL_TIM_OC_Start_IT
                0x0000000008004bd0       0x6c Drivers/STM32F4xx_HAL_Driver/Src/stm32f4xx_hal_tim.o
                0x0000000008004bd0                HAL_TIM_OC_Start_IT
 .text.HAL_TIM_PWM_Start_IT
                0x0000000008004c3c        0x4 Drivers/STM32F4xx_HAL_Driver/Src/stm32f4xx_hal_tim.o
                0x0000000008004c3c                HAL_TIM_PWM_Start_IT
 .text.HAL_TIM_OC_Stop_IT
                0x0000000008004c40       0x8c Drivers/STM32F4xx_HAL_Driver/Src/stm32f4xx_hal_tim.o
                0x0000000008004c40                HAL_TIM_OC_Stop_IT
 .text.HAL_TIM_PWM_Stop_IT
                0x0000000008004ccc        0x4 Drivers/STM32F4xx_HAL_Driver/Src/stm32f4xx_hal_tim.o
                0x0000000008004ccc                HAL_TIM_PWM_Stop_IT
 .text.HAL_TIMEx_MasterConfigSynchronization
                0x0000000008004cd0       0x74 Drivers/STM32F4xx_HAL_Driver/Src/stm32f4xx_hal_tim_ex.o
                0x0000000008004cd0                HAL_TIMEx_MasterConfigSynchronization
 .text.HAL_TIMEx_CommutCallback
                0x0000000008004d44        0x2 Drivers/STM32F4xx_HAL_Driver/Src/stm32f4xx_hal_tim_ex.o
                0x0000000008004d44                HAL_TIMEx_CommutCallback
 .text.HAL_TIMEx_BreakCallback
                0x0000000008004d46        0x2 Drivers/STM32F4xx_HAL_Driver/Src/stm32f4xx_hal_tim_ex.o
                0x0000000008004d46                HAL_TIMEx_BreakCallback
 .text.UART_EndRxTransfer
                0x0000000008004d48       0x1a Drivers/STM32F4xx_HAL_Driver/Src/stm32f4xx_hal_uart.o
 *fill*         0x0000000008004d62        0x2 
 .text.UART_SetConfig
                0x0000000008004d64       0xe0 Drivers/STM32F4xx_HAL_Driver/Src/stm32f4xx_hal_uart.o
 .text.HAL_UART_Init
                0x0000000008004e44       0x5c Drivers/STM32F4xx_HAL_Driver/Src/stm32f4xx_hal_uart.o
                0x0000000008004e44                HAL_UART_Init
 .text.HAL_UART_Receive_IT
                0x0000000008004ea0       0x4e Drivers/STM32F4xx_HAL_Driver/Src/stm32f4xx_hal_uart.o
                0x0000000008004ea0                HAL_UART_Receive_IT
 *fill*         0x0000000008004eee        0x2 
 .text.HAL_UART_Transmit_DMA
                0x0000000008004ef0       0x74 Drivers/STM32F4xx_HAL_Driver/Src/stm32f4xx_hal_uart.o
                0x0000000008004ef0                HAL_UART_Transmit_DMA
 .text.UART_DMATransmitCplt
                0x0000000008004f64       0x2c Drivers/STM32F4xx_HAL_Driver/Src/stm32f4xx_hal_uart.o
 .text.HAL_UART_TxHalfCpltCallback
                0x0000000008004f90        0x2 Drivers/STM32F4xx_HAL_Driver/Src/stm32f4xx_hal_uart.o
                0x0000000008004f90                HAL_UART_TxHalfCpltCallback
 .text.UART_DMATxHalfCplt
                0x0000000008004f92        0xa Drivers/STM32F4xx_HAL_Driver/Src/stm32f4xx_hal_uart.o
 .text.UART_Receive_IT
                0x0000000008004f9c       0x76 Drivers/STM32F4xx_HAL_Driver/Src/stm32f4xx_hal_uart.o
 .text.HAL_UART_ErrorCallback
                0x0000000008005012        0x2 Drivers/STM32F4xx_HAL_Driver/Src/stm32f4xx_hal_uart.o
                0x0000000008005012                HAL_UART_ErrorCallback
 .text.UART_DMAError
                0x0000000008005014       0x4e Drivers/STM32F4xx_HAL_Driver/Src/stm32f4xx_hal_uart.o
 *fill*         0x0000000008005062        0x2 
 .text.HAL_UART_IRQHandler
                0x0000000008005064      0x144 Drivers/STM32F4xx_HAL_Driver/Src/stm32f4xx_hal_uart.o
                0x0000000008005064                HAL_UART_IRQHandler
 .text.UART_DMAAbortOnError
                0x00000000080051a8       0x10 Drivers/STM32F4xx_HAL_Driver/Src/stm32f4xx_hal_uart.o
 .text.HAL_UART_AbortReceiveCpltCallback
                0x00000000080051b8        0x2 Drivers/STM32F4xx_HAL_Driver/Src/stm32f4xx_hal_uart.o
                0x00000000080051b8                HAL_UART_AbortReceiveCpltCallback
 *fill*         0x00000000080051ba        0x2 
 .text.HAL_UART_AbortReceive_IT
                0x00000000080051bc       0x58 Drivers/STM32F4xx_HAL_Driver/Src/stm32f4xx_hal_uart.o
                0x00000000080051bc                HAL_UART_AbortReceive_IT
 .text.UART_DMARxOnlyAbortCallback
                0x0000000008005214       0x14 Drivers/STM32F4xx_HAL_Driver/Src/stm32f4xx_hal_uart.o
 .text.atoi     0x0000000008005228        0x8 c:/st/stm32cubeide_1.3.0/stm32cubeide/plugins/com.st.stm32cube.ide.mcu.externaltools.gnu-tools-for-stm32.7-2018-q2-update.win32_1.0.0.201904181610/tools/bin/../lib/gcc/arm-none-eabi/7.3.1/../../../../arm-none-eabi/lib/thumb/v7e-m/fpv4-sp/hard\libc_nano.a(lib_a-atoi.o)
                0x0000000008005228                atoi
 .text.__errno  0x0000000008005230        0xc c:/st/stm32cubeide_1.3.0/stm32cubeide/plugins/com.st.stm32cube.ide.mcu.externaltools.gnu-tools-for-stm32.7-2018-q2-update.win32_1.0.0.201904181610/tools/bin/../lib/gcc/arm-none-eabi/7.3.1/../../../../arm-none-eabi/lib/thumb/v7e-m/fpv4-sp/hard\libc_nano.a(lib_a-errno.o)
                0x0000000008005230                __errno
 .text.__libc_init_array
                0x000000000800523c       0x48 c:/st/stm32cubeide_1.3.0/stm32cubeide/plugins/com.st.stm32cube.ide.mcu.externaltools.gnu-tools-for-stm32.7-2018-q2-update.win32_1.0.0.201904181610/tools/bin/../lib/gcc/arm-none-eabi/7.3.1/../../../../arm-none-eabi/lib/thumb/v7e-m/fpv4-sp/hard\libc_nano.a(lib_a-init.o)
                0x000000000800523c                __libc_init_array
 .text.__locale_ctype_ptr_l
                0x0000000008005284        0x6 c:/st/stm32cubeide_1.3.0/stm32cubeide/plugins/com.st.stm32cube.ide.mcu.externaltools.gnu-tools-for-stm32.7-2018-q2-update.win32_1.0.0.201904181610/tools/bin/../lib/gcc/arm-none-eabi/7.3.1/../../../../arm-none-eabi/lib/thumb/v7e-m/fpv4-sp/hard\libc_nano.a(lib_a-locale.o)
                0x0000000008005284                __locale_ctype_ptr_l
 *fill*         0x000000000800528a        0x2 
 .text.__locale_ctype_ptr
                0x000000000800528c       0x1c c:/st/stm32cubeide_1.3.0/stm32cubeide/plugins/com.st.stm32cube.ide.mcu.externaltools.gnu-tools-for-stm32.7-2018-q2-update.win32_1.0.0.201904181610/tools/bin/../lib/gcc/arm-none-eabi/7.3.1/../../../../arm-none-eabi/lib/thumb/v7e-m/fpv4-sp/hard\libc_nano.a(lib_a-locale.o)
                0x000000000800528c                __locale_ctype_ptr
 .text.malloc   0x00000000080052a8       0x10 c:/st/stm32cubeide_1.3.0/stm32cubeide/plugins/com.st.stm32cube.ide.mcu.externaltools.gnu-tools-for-stm32.7-2018-q2-update.win32_1.0.0.201904181610/tools/bin/../lib/gcc/arm-none-eabi/7.3.1/../../../../arm-none-eabi/lib/thumb/v7e-m/fpv4-sp/hard\libc_nano.a(lib_a-malloc.o)
                0x00000000080052a8                malloc
 .text.__ascii_mbtowc
                0x00000000080052b8       0x24 c:/st/stm32cubeide_1.3.0/stm32cubeide/plugins/com.st.stm32cube.ide.mcu.externaltools.gnu-tools-for-stm32.7-2018-q2-update.win32_1.0.0.201904181610/tools/bin/../lib/gcc/arm-none-eabi/7.3.1/../../../../arm-none-eabi/lib/thumb/v7e-m/fpv4-sp/hard\libc_nano.a(lib_a-mbtowc_r.o)
                0x00000000080052b8                __ascii_mbtowc
 .text.memset   0x00000000080052dc       0x10 c:/st/stm32cubeide_1.3.0/stm32cubeide/plugins/com.st.stm32cube.ide.mcu.externaltools.gnu-tools-for-stm32.7-2018-q2-update.win32_1.0.0.201904181610/tools/bin/../lib/gcc/arm-none-eabi/7.3.1/../../../../arm-none-eabi/lib/thumb/v7e-m/fpv4-sp/hard\libc_nano.a(lib_a-memset.o)
                0x00000000080052dc                memset
 .text._free_r  0x00000000080052ec       0x9c c:/st/stm32cubeide_1.3.0/stm32cubeide/plugins/com.st.stm32cube.ide.mcu.externaltools.gnu-tools-for-stm32.7-2018-q2-update.win32_1.0.0.201904181610/tools/bin/../lib/gcc/arm-none-eabi/7.3.1/../../../../arm-none-eabi/lib/thumb/v7e-m/fpv4-sp/hard\libc_nano.a(lib_a-nano-freer.o)
                0x00000000080052ec                _free_r
 .text._malloc_r
                0x0000000008005388       0xb4 c:/st/stm32cubeide_1.3.0/stm32cubeide/plugins/com.st.stm32cube.ide.mcu.externaltools.gnu-tools-for-stm32.7-2018-q2-update.win32_1.0.0.201904181610/tools/bin/../lib/gcc/arm-none-eabi/7.3.1/../../../../arm-none-eabi/lib/thumb/v7e-m/fpv4-sp/hard\libc_nano.a(lib_a-nano-mallocr.o)
                0x0000000008005388                _malloc_r
 .text._sbrk_r  0x000000000800543c       0x20 c:/st/stm32cubeide_1.3.0/stm32cubeide/plugins/com.st.stm32cube.ide.mcu.externaltools.gnu-tools-for-stm32.7-2018-q2-update.win32_1.0.0.201904181610/tools/bin/../lib/gcc/arm-none-eabi/7.3.1/../../../../arm-none-eabi/lib/thumb/v7e-m/fpv4-sp/hard\libc_nano.a(lib_a-sbrkr.o)
                0x000000000800543c                _sbrk_r
 .text.sprintf  0x000000000800545c       0x40 c:/st/stm32cubeide_1.3.0/stm32cubeide/plugins/com.st.stm32cube.ide.mcu.externaltools.gnu-tools-for-stm32.7-2018-q2-update.win32_1.0.0.201904181610/tools/bin/../lib/gcc/arm-none-eabi/7.3.1/../../../../arm-none-eabi/lib/thumb/v7e-m/fpv4-sp/hard\libc_nano.a(lib_a-sprintf.o)
                0x000000000800545c                siprintf
                0x000000000800545c                sprintf
 .text.strcat   0x000000000800549c       0x1e c:/st/stm32cubeide_1.3.0/stm32cubeide/plugins/com.st.stm32cube.ide.mcu.externaltools.gnu-tools-for-stm32.7-2018-q2-update.win32_1.0.0.201904181610/tools/bin/../lib/gcc/arm-none-eabi/7.3.1/../../../../arm-none-eabi/lib/thumb/v7e-m/fpv4-sp/hard\libc_nano.a(lib_a-strcat.o)
                0x000000000800549c                strcat
 .text.strcpy   0x00000000080054ba       0x10 c:/st/stm32cubeide_1.3.0/stm32cubeide/plugins/com.st.stm32cube.ide.mcu.externaltools.gnu-tools-for-stm32.7-2018-q2-update.win32_1.0.0.201904181610/tools/bin/../lib/gcc/arm-none-eabi/7.3.1/../../../../arm-none-eabi/lib/thumb/v7e-m/fpv4-sp/hard\libc_nano.a(lib_a-strcpy.o)
                0x00000000080054ba                strcpy
 .text._strtol_l.isra.0
                0x00000000080054ca       0xf6 c:/st/stm32cubeide_1.3.0/stm32cubeide/plugins/com.st.stm32cube.ide.mcu.externaltools.gnu-tools-for-stm32.7-2018-q2-update.win32_1.0.0.201904181610/tools/bin/../lib/gcc/arm-none-eabi/7.3.1/../../../../arm-none-eabi/lib/thumb/v7e-m/fpv4-sp/hard\libc_nano.a(lib_a-strtol.o)
 .text.strtol   0x00000000080055c0       0x2c c:/st/stm32cubeide_1.3.0/stm32cubeide/plugins/com.st.stm32cube.ide.mcu.externaltools.gnu-tools-for-stm32.7-2018-q2-update.win32_1.0.0.201904181610/tools/bin/../lib/gcc/arm-none-eabi/7.3.1/../../../../arm-none-eabi/lib/thumb/v7e-m/fpv4-sp/hard\libc_nano.a(lib_a-strtol.o)
                0x00000000080055c0                strtol
 .text.__ascii_wctomb
                0x00000000080055ec       0x1a c:/st/stm32cubeide_1.3.0/stm32cubeide/plugins/com.st.stm32cube.ide.mcu.externaltools.gnu-tools-for-stm32.7-2018-q2-update.win32_1.0.0.201904181610/tools/bin/../lib/gcc/arm-none-eabi/7.3.1/../../../../arm-none-eabi/lib/thumb/v7e-m/fpv4-sp/hard\libc_nano.a(lib_a-wctomb_r.o)
                0x00000000080055ec                __ascii_wctomb
 .text.__malloc_lock
                0x0000000008005606        0x2 c:/st/stm32cubeide_1.3.0/stm32cubeide/plugins/com.st.stm32cube.ide.mcu.externaltools.gnu-tools-for-stm32.7-2018-q2-update.win32_1.0.0.201904181610/tools/bin/../lib/gcc/arm-none-eabi/7.3.1/../../../../arm-none-eabi/lib/thumb/v7e-m/fpv4-sp/hard\libc_nano.a(lib_a-mlock.o)
                0x0000000008005606                __malloc_lock
 .text.__malloc_unlock
                0x0000000008005608        0x2 c:/st/stm32cubeide_1.3.0/stm32cubeide/plugins/com.st.stm32cube.ide.mcu.externaltools.gnu-tools-for-stm32.7-2018-q2-update.win32_1.0.0.201904181610/tools/bin/../lib/gcc/arm-none-eabi/7.3.1/../../../../arm-none-eabi/lib/thumb/v7e-m/fpv4-sp/hard\libc_nano.a(lib_a-mlock.o)
                0x0000000008005608                __malloc_unlock
 .text.__ssputs_r
                0x000000000800560a       0xb4 c:/st/stm32cubeide_1.3.0/stm32cubeide/plugins/com.st.stm32cube.ide.mcu.externaltools.gnu-tools-for-stm32.7-2018-q2-update.win32_1.0.0.201904181610/tools/bin/../lib/gcc/arm-none-eabi/7.3.1/../../../../arm-none-eabi/lib/thumb/v7e-m/fpv4-sp/hard\libc_nano.a(lib_a-nano-svfprintf.o)
                0x000000000800560a                __ssputs_r
 *fill*         0x00000000080056be        0x2 
 .text._svfprintf_r
                0x00000000080056c0      0x1f0 c:/st/stm32cubeide_1.3.0/stm32cubeide/plugins/com.st.stm32cube.ide.mcu.externaltools.gnu-tools-for-stm32.7-2018-q2-update.win32_1.0.0.201904181610/tools/bin/../lib/gcc/arm-none-eabi/7.3.1/../../../../arm-none-eabi/lib/thumb/v7e-m/fpv4-sp/hard\libc_nano.a(lib_a-nano-svfprintf.o)
                0x00000000080056c0                _svfiprintf_r
                0x00000000080056c0                _svfprintf_r
 .text._printf_common
                0x00000000080058b0       0xea c:/st/stm32cubeide_1.3.0/stm32cubeide/plugins/com.st.stm32cube.ide.mcu.externaltools.gnu-tools-for-stm32.7-2018-q2-update.win32_1.0.0.201904181610/tools/bin/../lib/gcc/arm-none-eabi/7.3.1/../../../../arm-none-eabi/lib/thumb/v7e-m/fpv4-sp/hard\libc_nano.a(lib_a-nano-vfprintf_i.o)
                0x00000000080058b0                _printf_common
 *fill*         0x000000000800599a        0x2 
 .text._printf_i
                0x000000000800599c      0x224 c:/st/stm32cubeide_1.3.0/stm32cubeide/plugins/com.st.stm32cube.ide.mcu.externaltools.gnu-tools-for-stm32.7-2018-q2-update.win32_1.0.0.201904181610/tools/bin/../lib/gcc/arm-none-eabi/7.3.1/../../../../arm-none-eabi/lib/thumb/v7e-m/fpv4-sp/hard\libc_nano.a(lib_a-nano-vfprintf_i.o)
                0x000000000800599c                _printf_i
 .text.memcpy   0x0000000008005bc0       0x16 c:/st/stm32cubeide_1.3.0/stm32cubeide/plugins/com.st.stm32cube.ide.mcu.externaltools.gnu-tools-for-stm32.7-2018-q2-update.win32_1.0.0.201904181610/tools/bin/../lib/gcc/arm-none-eabi/7.3.1/../../../../arm-none-eabi/lib/thumb/v7e-m/fpv4-sp/hard\libc_nano.a(lib_a-memcpy-stub.o)
                0x0000000008005bc0                memcpy
 .text.memmove  0x0000000008005bd6       0x32 c:/st/stm32cubeide_1.3.0/stm32cubeide/plugins/com.st.stm32cube.ide.mcu.externaltools.gnu-tools-for-stm32.7-2018-q2-update.win32_1.0.0.201904181610/tools/bin/../lib/gcc/arm-none-eabi/7.3.1/../../../../arm-none-eabi/lib/thumb/v7e-m/fpv4-sp/hard\libc_nano.a(lib_a-memmove.o)
                0x0000000008005bd6                memmove
 .text._realloc_r
                0x0000000008005c08       0x4c c:/st/stm32cubeide_1.3.0/stm32cubeide/plugins/com.st.stm32cube.ide.mcu.externaltools.gnu-tools-for-stm32.7-2018-q2-update.win32_1.0.0.201904181610/tools/bin/../lib/gcc/arm-none-eabi/7.3.1/../../../../arm-none-eabi/lib/thumb/v7e-m/fpv4-sp/hard\libc_nano.a(lib_a-nano-reallocr.o)
                0x0000000008005c08                _realloc_r
 .text._malloc_usable_size_r
                0x0000000008005c54       0x10 c:/st/stm32cubeide_1.3.0/stm32cubeide/plugins/com.st.stm32cube.ide.mcu.externaltools.gnu-tools-for-stm32.7-2018-q2-update.win32_1.0.0.201904181610/tools/bin/../lib/gcc/arm-none-eabi/7.3.1/../../../../arm-none-eabi/lib/thumb/v7e-m/fpv4-sp/hard\libc_nano.a(lib_a-nano-msizer.o)
                0x0000000008005c54                _malloc_usable_size_r
 *(.glue_7)
 .glue_7        0x0000000008005c64        0x0 linker stubs
 *(.glue_7t)
 .glue_7t       0x0000000008005c64        0x0 linker stubs
 *(.eh_frame)
 .eh_frame      0x0000000008005c64        0x0 c:/st/stm32cubeide_1.3.0/stm32cubeide/plugins/com.st.stm32cube.ide.mcu.externaltools.gnu-tools-for-stm32.7-2018-q2-update.win32_1.0.0.201904181610/tools/bin/../lib/gcc/arm-none-eabi/7.3.1/thumb/v7e-m/fpv4-sp/hard/crtbegin.o
 *(.init)
 .init          0x0000000008005c64        0x4 c:/st/stm32cubeide_1.3.0/stm32cubeide/plugins/com.st.stm32cube.ide.mcu.externaltools.gnu-tools-for-stm32.7-2018-q2-update.win32_1.0.0.201904181610/tools/bin/../lib/gcc/arm-none-eabi/7.3.1/thumb/v7e-m/fpv4-sp/hard/crti.o
                0x0000000008005c64                _init
 .init          0x0000000008005c68        0x8 c:/st/stm32cubeide_1.3.0/stm32cubeide/plugins/com.st.stm32cube.ide.mcu.externaltools.gnu-tools-for-stm32.7-2018-q2-update.win32_1.0.0.201904181610/tools/bin/../lib/gcc/arm-none-eabi/7.3.1/thumb/v7e-m/fpv4-sp/hard/crtn.o
 *(.fini)
 .fini          0x0000000008005c70        0x4 c:/st/stm32cubeide_1.3.0/stm32cubeide/plugins/com.st.stm32cube.ide.mcu.externaltools.gnu-tools-for-stm32.7-2018-q2-update.win32_1.0.0.201904181610/tools/bin/../lib/gcc/arm-none-eabi/7.3.1/thumb/v7e-m/fpv4-sp/hard/crti.o
                0x0000000008005c70                _fini
 .fini          0x0000000008005c74        0x8 c:/st/stm32cubeide_1.3.0/stm32cubeide/plugins/com.st.stm32cube.ide.mcu.externaltools.gnu-tools-for-stm32.7-2018-q2-update.win32_1.0.0.201904181610/tools/bin/../lib/gcc/arm-none-eabi/7.3.1/thumb/v7e-m/fpv4-sp/hard/crtn.o
                0x0000000008005c7c                . = ALIGN (0x4)
                0x0000000008005c7c                _etext = .

.vfp11_veneer   0x0000000008005c7c        0x0
 .vfp11_veneer  0x0000000008005c7c        0x0 linker stubs

.v4_bx          0x0000000008005c7c        0x0
 .v4_bx         0x0000000008005c7c        0x0 linker stubs

.iplt           0x0000000008005c7c        0x0
 .iplt          0x0000000008005c7c        0x0 c:/st/stm32cubeide_1.3.0/stm32cubeide/plugins/com.st.stm32cube.ide.mcu.externaltools.gnu-tools-for-stm32.7-2018-q2-update.win32_1.0.0.201904181610/tools/bin/../lib/gcc/arm-none-eabi/7.3.1/thumb/v7e-m/fpv4-sp/hard/crtbegin.o

.rodata         0x0000000008005c7c      0x688
                0x0000000008005c7c                . = ALIGN (0x4)
 *(.rodata)
 .rodata        0x0000000008005c7c        0xc Core/Src/check_configuration.o
 *(.rodata*)
 .rodata.HAL_UART_RxCpltCallback.str1.1
                0x0000000008005c88      0x2bc Core/Src/configuration.o
 .rodata.default_configuration.str1.1
                0x0000000008005f44       0x49 Core/Src/configuration.o
 .rodata.user_configuration.str1.1
                0x0000000008005f8d       0x78 Core/Src/configuration.o
 *fill*         0x0000000008006005        0x1 
 .rodata._KEYPAD_COLUMN_GPIO_PIN
                0x0000000008006006        0x8 Core/Src/keypad.o
                0x0000000008006006                _KEYPAD_COLUMN_GPIO_PIN
 .rodata._KEYPAD_ROW_GPIO_PIN
                0x000000000800600e        0x8 Core/Src/keypad.o
                0x000000000800600e                _KEYPAD_ROW_GPIO_PIN
 .rodata.checkSymbol.str1.1
                0x0000000008006016       0x14 Core/Src/procedure.o
 .rodata.setOrReset.str1.1
                0x000000000800602a       0x14 Core/Src/procedure.o
 .rodata.start_sequence.str1.1
                0x000000000800603e       0x15 Core/Src/procedure.o
 .rodata.get_time.str1.1
                0x0000000008006053       0x1a Core/Src/system_log.o
 .rodata.period_log.str1.1
                0x000000000800606d      0x137 Core/Src/system_log.o
 .rodata.AHBPrescTable
                0x00000000080061a4       0x10 Core/Src/system_stm32f4xx.o
                0x00000000080061a4                AHBPrescTable
 .rodata.APBPrescTable
                0x00000000080061b4        0x8 Core/Src/system_stm32f4xx.o
                0x00000000080061b4                APBPrescTable
 .rodata.flagBitshiftOffset.8333
                0x00000000080061bc        0x8 Drivers/STM32F4xx_HAL_Driver/Src/stm32f4xx_hal_dma.o
 .rodata._setlocale_r.str1.1
                0x00000000080061c4        0x8 c:/st/stm32cubeide_1.3.0/stm32cubeide/plugins/com.st.stm32cube.ide.mcu.externaltools.gnu-tools-for-stm32.7-2018-q2-update.win32_1.0.0.201904181610/tools/bin/../lib/gcc/arm-none-eabi/7.3.1/../../../../arm-none-eabi/lib/thumb/v7e-m/fpv4-sp/hard\libc_nano.a(lib_a-locale.o)
                                          0x9 (size before relaxing)
 .rodata.str1.1
                0x00000000080061cc        0x2 c:/st/stm32cubeide_1.3.0/stm32cubeide/plugins/com.st.stm32cube.ide.mcu.externaltools.gnu-tools-for-stm32.7-2018-q2-update.win32_1.0.0.201904181610/tools/bin/../lib/gcc/arm-none-eabi/7.3.1/../../../../arm-none-eabi/lib/thumb/v7e-m/fpv4-sp/hard\libc_nano.a(lib_a-locale.o)
 .rodata._ctype_
                0x00000000080061ce      0x101 c:/st/stm32cubeide_1.3.0/stm32cubeide/plugins/com.st.stm32cube.ide.mcu.externaltools.gnu-tools-for-stm32.7-2018-q2-update.win32_1.0.0.201904181610/tools/bin/../lib/gcc/arm-none-eabi/7.3.1/../../../../arm-none-eabi/lib/thumb/v7e-m/fpv4-sp/hard\libc_nano.a(lib_a-ctype_.o)
                0x00000000080061ce                _ctype_
 .rodata._svfprintf_r.str1.1
                0x00000000080062cf       0x11 c:/st/stm32cubeide_1.3.0/stm32cubeide/plugins/com.st.stm32cube.ide.mcu.externaltools.gnu-tools-for-stm32.7-2018-q2-update.win32_1.0.0.201904181610/tools/bin/../lib/gcc/arm-none-eabi/7.3.1/../../../../arm-none-eabi/lib/thumb/v7e-m/fpv4-sp/hard\libc_nano.a(lib_a-nano-svfprintf.o)
 .rodata._printf_i.str1.1
                0x00000000080062e0       0x22 c:/st/stm32cubeide_1.3.0/stm32cubeide/plugins/com.st.stm32cube.ide.mcu.externaltools.gnu-tools-for-stm32.7-2018-q2-update.win32_1.0.0.201904181610/tools/bin/../lib/gcc/arm-none-eabi/7.3.1/../../../../arm-none-eabi/lib/thumb/v7e-m/fpv4-sp/hard\libc_nano.a(lib_a-nano-vfprintf_i.o)
                0x0000000008006304                . = ALIGN (0x4)
 *fill*         0x0000000008006302        0x2 

.ARM.extab      0x0000000008006304        0x0
                0x0000000008006304                . = ALIGN (0x4)
 *(.ARM.extab* .gnu.linkonce.armextab.*)
                0x0000000008006304                . = ALIGN (0x4)

.ARM            0x0000000008006304        0x8
                0x0000000008006304                . = ALIGN (0x4)
                0x0000000008006304                __exidx_start = .
 *(.ARM.exidx*)
 .ARM.exidx     0x0000000008006304        0x8 c:/st/stm32cubeide_1.3.0/stm32cubeide/plugins/com.st.stm32cube.ide.mcu.externaltools.gnu-tools-for-stm32.7-2018-q2-update.win32_1.0.0.201904181610/tools/bin/../lib/gcc/arm-none-eabi/7.3.1/thumb/v7e-m/fpv4-sp/hard\libgcc.a(_udivmoddi4.o)
                0x000000000800630c                __exidx_end = .
                0x000000000800630c                . = ALIGN (0x4)

.rel.dyn        0x000000000800630c        0x0
 .rel.iplt      0x000000000800630c        0x0 c:/st/stm32cubeide_1.3.0/stm32cubeide/plugins/com.st.stm32cube.ide.mcu.externaltools.gnu-tools-for-stm32.7-2018-q2-update.win32_1.0.0.201904181610/tools/bin/../lib/gcc/arm-none-eabi/7.3.1/thumb/v7e-m/fpv4-sp/hard/crtbegin.o

.preinit_array  0x000000000800630c        0x0
                0x000000000800630c                . = ALIGN (0x4)
                0x000000000800630c                PROVIDE (__preinit_array_start = .)
 *(.preinit_array*)
                0x000000000800630c                PROVIDE (__preinit_array_end = .)
                0x000000000800630c                . = ALIGN (0x4)

.init_array     0x000000000800630c        0x4
                0x000000000800630c                . = ALIGN (0x4)
                0x000000000800630c                PROVIDE (__init_array_start = .)
 *(SORT_BY_NAME(.init_array.*))
 *(.init_array*)
 .init_array    0x000000000800630c        0x4 c:/st/stm32cubeide_1.3.0/stm32cubeide/plugins/com.st.stm32cube.ide.mcu.externaltools.gnu-tools-for-stm32.7-2018-q2-update.win32_1.0.0.201904181610/tools/bin/../lib/gcc/arm-none-eabi/7.3.1/thumb/v7e-m/fpv4-sp/hard/crtbegin.o
                0x0000000008006310                PROVIDE (__init_array_end = .)
                0x0000000008006310                . = ALIGN (0x4)

.fini_array     0x0000000008006310        0x4
                0x0000000008006310                . = ALIGN (0x4)
                [!provide]                        PROVIDE (__fini_array_start = .)
 *(SORT_BY_NAME(.fini_array.*))
 *(.fini_array*)
 .fini_array    0x0000000008006310        0x4 c:/st/stm32cubeide_1.3.0/stm32cubeide/plugins/com.st.stm32cube.ide.mcu.externaltools.gnu-tools-for-stm32.7-2018-q2-update.win32_1.0.0.201904181610/tools/bin/../lib/gcc/arm-none-eabi/7.3.1/thumb/v7e-m/fpv4-sp/hard/crtbegin.o
                [!provide]                        PROVIDE (__fini_array_end = .)
                0x0000000008006314                . = ALIGN (0x4)
                0x0000000008006314                _sidata = LOADADDR (.data)

.data           0x0000000020000000      0x1fc load address 0x0000000008006314
                0x0000000020000000                . = ALIGN (0x4)
                0x0000000020000000                _sdata = .
 *(.data)
 *(.data*)
 .data._KEYPAD_COLUMN_GPIO_PORT
                0x0000000020000000       0x10 Core/Src/keypad.o
                0x0000000020000000                _KEYPAD_COLUMN_GPIO_PORT
 .data._KEYPAD_ROW_GPIO_PORT
                0x0000000020000010       0x10 Core/Src/keypad.o
                0x0000000020000010                _KEYPAD_ROW_GPIO_PORT
 .data.SystemCoreClock
                0x0000000020000020        0x4 Core/Src/system_stm32f4xx.o
                0x0000000020000020                SystemCoreClock
 .data.uwTickFreq
                0x0000000020000024        0x1 Drivers/STM32F4xx_HAL_Driver/Src/stm32f4xx_hal.o
                0x0000000020000024                uwTickFreq
 *fill*         0x0000000020000025        0x3 
 .data.uwTickPrio
                0x0000000020000028        0x4 Drivers/STM32F4xx_HAL_Driver/Src/stm32f4xx_hal.o
                0x0000000020000028                uwTickPrio
 .data._impure_ptr
                0x000000002000002c        0x4 c:/st/stm32cubeide_1.3.0/stm32cubeide/plugins/com.st.stm32cube.ide.mcu.externaltools.gnu-tools-for-stm32.7-2018-q2-update.win32_1.0.0.201904181610/tools/bin/../lib/gcc/arm-none-eabi/7.3.1/../../../../arm-none-eabi/lib/thumb/v7e-m/fpv4-sp/hard\libc_nano.a(lib_a-impure.o)
                0x000000002000002c                _impure_ptr
 .data.impure_data
                0x0000000020000030       0x60 c:/st/stm32cubeide_1.3.0/stm32cubeide/plugins/com.st.stm32cube.ide.mcu.externaltools.gnu-tools-for-stm32.7-2018-q2-update.win32_1.0.0.201904181610/tools/bin/../lib/gcc/arm-none-eabi/7.3.1/../../../../arm-none-eabi/lib/thumb/v7e-m/fpv4-sp/hard\libc_nano.a(lib_a-impure.o)
 .data.__global_locale
                0x0000000020000090      0x16c c:/st/stm32cubeide_1.3.0/stm32cubeide/plugins/com.st.stm32cube.ide.mcu.externaltools.gnu-tools-for-stm32.7-2018-q2-update.win32_1.0.0.201904181610/tools/bin/../lib/gcc/arm-none-eabi/7.3.1/../../../../arm-none-eabi/lib/thumb/v7e-m/fpv4-sp/hard\libc_nano.a(lib_a-locale.o)
                0x0000000020000090                __global_locale
                0x00000000200001fc                . = ALIGN (0x4)
                0x00000000200001fc                _edata = .

.igot.plt       0x00000000200001fc        0x0 load address 0x0000000008006510
 .igot.plt      0x00000000200001fc        0x0 c:/st/stm32cubeide_1.3.0/stm32cubeide/plugins/com.st.stm32cube.ide.mcu.externaltools.gnu-tools-for-stm32.7-2018-q2-update.win32_1.0.0.201904181610/tools/bin/../lib/gcc/arm-none-eabi/7.3.1/thumb/v7e-m/fpv4-sp/hard/crtbegin.o
                0x00000000200001fc                . = ALIGN (0x4)

.bss            0x00000000200001fc      0x474 load address 0x0000000008006510
                0x00000000200001fc                _sbss = .
                0x00000000200001fc                __bss_start__ = _sbss
 *(.bss)
 .bss           0x00000000200001fc       0x1c c:/st/stm32cubeide_1.3.0/stm32cubeide/plugins/com.st.stm32cube.ide.mcu.externaltools.gnu-tools-for-stm32.7-2018-q2-update.win32_1.0.0.201904181610/tools/bin/../lib/gcc/arm-none-eabi/7.3.1/thumb/v7e-m/fpv4-sp/hard/crtbegin.o
 *(.bss*)
 .bss.count     0x0000000020000218        0x4 Core/Src/configuration.o
                0x0000000020000218                count
 .bss.count_rec
                0x000000002000021c        0x4 Core/Src/configuration.o
                0x000000002000021c                count_rec
 .bss.keypad_active
                0x0000000020000220        0x1 Core/Src/keypad.o
                0x0000000020000220                keypad_active
 .bss.barrier_timer
                0x0000000020000221        0x1 Core/Src/protocol.o
                0x0000000020000221                barrier_timer
 .bss.pir_timer
                0x0000000020000222        0x1 Core/Src/protocol.o
                0x0000000020000222                pir_timer
 *fill*         0x0000000020000223        0x1 
 .bss.heap_end.6424
                0x0000000020000224        0x4 Core/Src/sysmem.o
 .bss.count_pwm
                0x0000000020000228        0x2 Core/Src/timer_management.o
                0x0000000020000228                count_pwm
 .bss.dutyCycle
                0x000000002000022a        0x2 Core/Src/timer_management.o
                0x000000002000022a                dutyCycle
 .bss.increase  0x000000002000022c        0x1 Core/Src/timer_management.o
                0x000000002000022c                increase
 *fill*         0x000000002000022d        0x3 
 .bss.__malloc_free_list
                0x0000000020000230        0x4 c:/st/stm32cubeide_1.3.0/stm32cubeide/plugins/com.st.stm32cube.ide.mcu.externaltools.gnu-tools-for-stm32.7-2018-q2-update.win32_1.0.0.201904181610/tools/bin/../lib/gcc/arm-none-eabi/7.3.1/../../../../arm-none-eabi/lib/thumb/v7e-m/fpv4-sp/hard\libc_nano.a(lib_a-nano-mallocr.o)
                0x0000000020000230                __malloc_free_list
 .bss.__malloc_sbrk_start
                0x0000000020000234        0x4 c:/st/stm32cubeide_1.3.0/stm32cubeide/plugins/com.st.stm32cube.ide.mcu.externaltools.gnu-tools-for-stm32.7-2018-q2-update.win32_1.0.0.201904181610/tools/bin/../lib/gcc/arm-none-eabi/7.3.1/../../../../arm-none-eabi/lib/thumb/v7e-m/fpv4-sp/hard\libc_nano.a(lib_a-nano-mallocr.o)
                0x0000000020000234                __malloc_sbrk_start
 *(COMMON)
 COMMON         0x0000000020000238       0xa8 Core/Src/adc.o
                0x0000000020000238                hadc1
                0x0000000020000280                hdma_adc1
 COMMON         0x00000000200002e0       0x92 Core/Src/configuration.o
                0x00000000200002e0                system_config
                0x00000000200002f4                user_pin
                0x00000000200002f8                message
                0x0000000020000370                buffer
 COMMON         0x0000000020000372       0x10 Core/Src/ds1307rtc.o
                0x0000000020000372                out_buff
                0x000000002000037a                datetime
 *fill*         0x0000000020000382        0x2 
 COMMON         0x0000000020000384       0xb4 Core/Src/i2c.o
                0x0000000020000384                hi2c1
                0x00000000200003d8                hdma_i2c1_rx
 COMMON         0x0000000020000438        0x4 Core/Src/keypad.o
                0x0000000020000438                KeyPad
 COMMON         0x000000002000043c        0x8 Core/Src/procedure.o
                0x000000002000043c                system_status
                0x0000000020000441                abcd
 COMMON         0x0000000020000444        0x4 Core/Src/protocol.o
                0x0000000020000444                threshold
 COMMON         0x0000000020000448      0x180 Core/Src/tim.o
                0x0000000020000448                htim4
                0x0000000020000488                htim10
                0x00000000200004c8                htim5
                0x0000000020000508                htim3
                0x0000000020000548                htim11
                0x0000000020000588                htim9
 COMMON         0x00000000200005c8       0xa0 Core/Src/usart.o
                0x00000000200005c8                hdma_usart2_tx
                0x0000000020000628                huart2
 COMMON         0x0000000020000668        0x4 Drivers/STM32F4xx_HAL_Driver/Src/stm32f4xx_hal.o
                0x0000000020000668                uwTick
 COMMON         0x000000002000066c        0x4 c:/st/stm32cubeide_1.3.0/stm32cubeide/plugins/com.st.stm32cube.ide.mcu.externaltools.gnu-tools-for-stm32.7-2018-q2-update.win32_1.0.0.201904181610/tools/bin/../lib/gcc/arm-none-eabi/7.3.1/../../../../arm-none-eabi/lib/thumb/v7e-m/fpv4-sp/hard\libc_nano.a(lib_a-reent.o)
                0x000000002000066c                errno
                0x0000000020000670                . = ALIGN (0x4)
                0x0000000020000670                _ebss = .
                0x0000000020000670                __bss_end__ = _ebss

._user_heap_stack
                0x0000000020000670      0x600 load address 0x0000000008006510
                0x0000000020000670                . = ALIGN (0x8)
                0x0000000020000670                PROVIDE (end = .)
                [!provide]                        PROVIDE (_end = .)
                0x0000000020000870                . = (. + _Min_Heap_Size)
 *fill*         0x0000000020000670      0x200 
                0x0000000020000c70                . = (. + _Min_Stack_Size)
 *fill*         0x0000000020000870      0x400 
                0x0000000020000c70                . = ALIGN (0x8)

/DISCARD/
 libc.a(*)
 libm.a(*)
 libgcc.a(*)

.ARM.attributes
                0x0000000000000000       0x30
 *(.ARM.attributes)
 .ARM.attributes
                0x0000000000000000       0x22 c:/st/stm32cubeide_1.3.0/stm32cubeide/plugins/com.st.stm32cube.ide.mcu.externaltools.gnu-tools-for-stm32.7-2018-q2-update.win32_1.0.0.201904181610/tools/bin/../lib/gcc/arm-none-eabi/7.3.1/thumb/v7e-m/fpv4-sp/hard/crti.o
 .ARM.attributes
                0x0000000000000022       0x34 c:/st/stm32cubeide_1.3.0/stm32cubeide/plugins/com.st.stm32cube.ide.mcu.externaltools.gnu-tools-for-stm32.7-2018-q2-update.win32_1.0.0.201904181610/tools/bin/../lib/gcc/arm-none-eabi/7.3.1/thumb/v7e-m/fpv4-sp/hard/crtbegin.o
 .ARM.attributes
                0x0000000000000056       0x39 Core/Src/adc.o
 .ARM.attributes
                0x000000000000008f       0x39 Core/Src/check_configuration.o
 .ARM.attributes
                0x00000000000000c8       0x39 Core/Src/check_procedure.o
 .ARM.attributes
                0x0000000000000101       0x39 Core/Src/configuration.o
 .ARM.attributes
                0x000000000000013a       0x39 Core/Src/dma.o
 .ARM.attributes
                0x0000000000000173       0x39 Core/Src/ds1307rtc.o
 .ARM.attributes
                0x00000000000001ac       0x39 Core/Src/gpio.o
 .ARM.attributes
                0x00000000000001e5       0x39 Core/Src/i2c.o
 .ARM.attributes
                0x000000000000021e       0x39 Core/Src/keypad.o
 .ARM.attributes
                0x0000000000000257       0x39 Core/Src/main.o
 .ARM.attributes
                0x0000000000000290       0x39 Core/Src/procedure.o
 .ARM.attributes
                0x00000000000002c9       0x39 Core/Src/protocol.o
 .ARM.attributes
                0x0000000000000302       0x39 Core/Src/sound_alarm.o
 .ARM.attributes
                0x000000000000033b       0x39 Core/Src/stm32f4xx_hal_msp.o
 .ARM.attributes
                0x0000000000000374       0x39 Core/Src/stm32f4xx_it.o
 .ARM.attributes
                0x00000000000003ad       0x39 Core/Src/sysmem.o
 .ARM.attributes
                0x00000000000003e6       0x39 Core/Src/system_log.o
 .ARM.attributes
                0x000000000000041f       0x39 Core/Src/system_stm32f4xx.o
 .ARM.attributes
                0x0000000000000458       0x39 Core/Src/tim.o
 .ARM.attributes
                0x0000000000000491       0x39 Core/Src/timer_management.o
 .ARM.attributes
                0x00000000000004ca       0x39 Core/Src/usart.o
 .ARM.attributes
                0x0000000000000503       0x21 Core/Startup/startup_stm32f401retx.o
 .ARM.attributes
                0x0000000000000524       0x39 Drivers/STM32F4xx_HAL_Driver/Src/stm32f4xx_hal.o
 .ARM.attributes
                0x000000000000055d       0x39 Drivers/STM32F4xx_HAL_Driver/Src/stm32f4xx_hal_adc.o
 .ARM.attributes
                0x0000000000000596       0x39 Drivers/STM32F4xx_HAL_Driver/Src/stm32f4xx_hal_adc_ex.o
 .ARM.attributes
                0x00000000000005cf       0x39 Drivers/STM32F4xx_HAL_Driver/Src/stm32f4xx_hal_cortex.o
 .ARM.attributes
                0x0000000000000608       0x39 Drivers/STM32F4xx_HAL_Driver/Src/stm32f4xx_hal_dma.o
 .ARM.attributes
                0x0000000000000641       0x39 Drivers/STM32F4xx_HAL_Driver/Src/stm32f4xx_hal_gpio.o
 .ARM.attributes
                0x000000000000067a       0x39 Drivers/STM32F4xx_HAL_Driver/Src/stm32f4xx_hal_i2c.o
 .ARM.attributes
                0x00000000000006b3       0x39 Drivers/STM32F4xx_HAL_Driver/Src/stm32f4xx_hal_rcc.o
 .ARM.attributes
                0x00000000000006ec       0x39 Drivers/STM32F4xx_HAL_Driver/Src/stm32f4xx_hal_tim.o
 .ARM.attributes
                0x0000000000000725       0x39 Drivers/STM32F4xx_HAL_Driver/Src/stm32f4xx_hal_tim_ex.o
 .ARM.attributes
                0x000000000000075e       0x39 Drivers/STM32F4xx_HAL_Driver/Src/stm32f4xx_hal_uart.o
 .ARM.attributes
                0x0000000000000797       0x34 c:/st/stm32cubeide_1.3.0/stm32cubeide/plugins/com.st.stm32cube.ide.mcu.externaltools.gnu-tools-for-stm32.7-2018-q2-update.win32_1.0.0.201904181610/tools/bin/../lib/gcc/arm-none-eabi/7.3.1/../../../../arm-none-eabi/lib/thumb/v7e-m/fpv4-sp/hard\libc_nano.a(lib_a-atoi.o)
 .ARM.attributes
                0x00000000000007cb       0x34 c:/st/stm32cubeide_1.3.0/stm32cubeide/plugins/com.st.stm32cube.ide.mcu.externaltools.gnu-tools-for-stm32.7-2018-q2-update.win32_1.0.0.201904181610/tools/bin/../lib/gcc/arm-none-eabi/7.3.1/../../../../arm-none-eabi/lib/thumb/v7e-m/fpv4-sp/hard\libc_nano.a(lib_a-errno.o)
 .ARM.attributes
                0x00000000000007ff       0x34 c:/st/stm32cubeide_1.3.0/stm32cubeide/plugins/com.st.stm32cube.ide.mcu.externaltools.gnu-tools-for-stm32.7-2018-q2-update.win32_1.0.0.201904181610/tools/bin/../lib/gcc/arm-none-eabi/7.3.1/../../../../arm-none-eabi/lib/thumb/v7e-m/fpv4-sp/hard\libc_nano.a(lib_a-impure.o)
 .ARM.attributes
                0x0000000000000833       0x34 c:/st/stm32cubeide_1.3.0/stm32cubeide/plugins/com.st.stm32cube.ide.mcu.externaltools.gnu-tools-for-stm32.7-2018-q2-update.win32_1.0.0.201904181610/tools/bin/../lib/gcc/arm-none-eabi/7.3.1/../../../../arm-none-eabi/lib/thumb/v7e-m/fpv4-sp/hard\libc_nano.a(lib_a-init.o)
 .ARM.attributes
                0x0000000000000867       0x34 c:/st/stm32cubeide_1.3.0/stm32cubeide/plugins/com.st.stm32cube.ide.mcu.externaltools.gnu-tools-for-stm32.7-2018-q2-update.win32_1.0.0.201904181610/tools/bin/../lib/gcc/arm-none-eabi/7.3.1/../../../../arm-none-eabi/lib/thumb/v7e-m/fpv4-sp/hard\libc_nano.a(lib_a-locale.o)
 .ARM.attributes
                0x000000000000089b       0x34 c:/st/stm32cubeide_1.3.0/stm32cubeide/plugins/com.st.stm32cube.ide.mcu.externaltools.gnu-tools-for-stm32.7-2018-q2-update.win32_1.0.0.201904181610/tools/bin/../lib/gcc/arm-none-eabi/7.3.1/../../../../arm-none-eabi/lib/thumb/v7e-m/fpv4-sp/hard\libc_nano.a(lib_a-malloc.o)
 .ARM.attributes
                0x00000000000008cf       0x34 c:/st/stm32cubeide_1.3.0/stm32cubeide/plugins/com.st.stm32cube.ide.mcu.externaltools.gnu-tools-for-stm32.7-2018-q2-update.win32_1.0.0.201904181610/tools/bin/../lib/gcc/arm-none-eabi/7.3.1/../../../../arm-none-eabi/lib/thumb/v7e-m/fpv4-sp/hard\libc_nano.a(lib_a-mbtowc_r.o)
 .ARM.attributes
                0x0000000000000903       0x34 c:/st/stm32cubeide_1.3.0/stm32cubeide/plugins/com.st.stm32cube.ide.mcu.externaltools.gnu-tools-for-stm32.7-2018-q2-update.win32_1.0.0.201904181610/tools/bin/../lib/gcc/arm-none-eabi/7.3.1/../../../../arm-none-eabi/lib/thumb/v7e-m/fpv4-sp/hard\libc_nano.a(lib_a-memset.o)
 .ARM.attributes
                0x0000000000000937       0x34 c:/st/stm32cubeide_1.3.0/stm32cubeide/plugins/com.st.stm32cube.ide.mcu.externaltools.gnu-tools-for-stm32.7-2018-q2-update.win32_1.0.0.201904181610/tools/bin/../lib/gcc/arm-none-eabi/7.3.1/../../../../arm-none-eabi/lib/thumb/v7e-m/fpv4-sp/hard\libc_nano.a(lib_a-nano-freer.o)
 .ARM.attributes
                0x000000000000096b       0x34 c:/st/stm32cubeide_1.3.0/stm32cubeide/plugins/com.st.stm32cube.ide.mcu.externaltools.gnu-tools-for-stm32.7-2018-q2-update.win32_1.0.0.201904181610/tools/bin/../lib/gcc/arm-none-eabi/7.3.1/../../../../arm-none-eabi/lib/thumb/v7e-m/fpv4-sp/hard\libc_nano.a(lib_a-nano-mallocr.o)
 .ARM.attributes
                0x000000000000099f       0x34 c:/st/stm32cubeide_1.3.0/stm32cubeide/plugins/com.st.stm32cube.ide.mcu.externaltools.gnu-tools-for-stm32.7-2018-q2-update.win32_1.0.0.201904181610/tools/bin/../lib/gcc/arm-none-eabi/7.3.1/../../../../arm-none-eabi/lib/thumb/v7e-m/fpv4-sp/hard\libc_nano.a(lib_a-sbrkr.o)
 .ARM.attributes
                0x00000000000009d3       0x34 c:/st/stm32cubeide_1.3.0/stm32cubeide/plugins/com.st.stm32cube.ide.mcu.externaltools.gnu-tools-for-stm32.7-2018-q2-update.win32_1.0.0.201904181610/tools/bin/../lib/gcc/arm-none-eabi/7.3.1/../../../../arm-none-eabi/lib/thumb/v7e-m/fpv4-sp/hard\libc_nano.a(lib_a-sprintf.o)
 .ARM.attributes
                0x0000000000000a07       0x34 c:/st/stm32cubeide_1.3.0/stm32cubeide/plugins/com.st.stm32cube.ide.mcu.externaltools.gnu-tools-for-stm32.7-2018-q2-update.win32_1.0.0.201904181610/tools/bin/../lib/gcc/arm-none-eabi/7.3.1/../../../../arm-none-eabi/lib/thumb/v7e-m/fpv4-sp/hard\libc_nano.a(lib_a-strcat.o)
 .ARM.attributes
                0x0000000000000a3b       0x20 c:/st/stm32cubeide_1.3.0/stm32cubeide/plugins/com.st.stm32cube.ide.mcu.externaltools.gnu-tools-for-stm32.7-2018-q2-update.win32_1.0.0.201904181610/tools/bin/../lib/gcc/arm-none-eabi/7.3.1/../../../../arm-none-eabi/lib/thumb/v7e-m/fpv4-sp/hard\libc_nano.a(lib_a-strcmp.o)
 .ARM.attributes
                0x0000000000000a5b       0x34 c:/st/stm32cubeide_1.3.0/stm32cubeide/plugins/com.st.stm32cube.ide.mcu.externaltools.gnu-tools-for-stm32.7-2018-q2-update.win32_1.0.0.201904181610/tools/bin/../lib/gcc/arm-none-eabi/7.3.1/../../../../arm-none-eabi/lib/thumb/v7e-m/fpv4-sp/hard\libc_nano.a(lib_a-strcpy.o)
 .ARM.attributes
                0x0000000000000a8f       0x1b c:/st/stm32cubeide_1.3.0/stm32cubeide/plugins/com.st.stm32cube.ide.mcu.externaltools.gnu-tools-for-stm32.7-2018-q2-update.win32_1.0.0.201904181610/tools/bin/../lib/gcc/arm-none-eabi/7.3.1/../../../../arm-none-eabi/lib/thumb/v7e-m/fpv4-sp/hard\libc_nano.a(lib_a-strlen.o)
 .ARM.attributes
                0x0000000000000aaa       0x34 c:/st/stm32cubeide_1.3.0/stm32cubeide/plugins/com.st.stm32cube.ide.mcu.externaltools.gnu-tools-for-stm32.7-2018-q2-update.win32_1.0.0.201904181610/tools/bin/../lib/gcc/arm-none-eabi/7.3.1/../../../../arm-none-eabi/lib/thumb/v7e-m/fpv4-sp/hard\libc_nano.a(lib_a-strtol.o)
 .ARM.attributes
                0x0000000000000ade       0x34 c:/st/stm32cubeide_1.3.0/stm32cubeide/plugins/com.st.stm32cube.ide.mcu.externaltools.gnu-tools-for-stm32.7-2018-q2-update.win32_1.0.0.201904181610/tools/bin/../lib/gcc/arm-none-eabi/7.3.1/../../../../arm-none-eabi/lib/thumb/v7e-m/fpv4-sp/hard\libc_nano.a(lib_a-wctomb_r.o)
 .ARM.attributes
                0x0000000000000b12       0x34 c:/st/stm32cubeide_1.3.0/stm32cubeide/plugins/com.st.stm32cube.ide.mcu.externaltools.gnu-tools-for-stm32.7-2018-q2-update.win32_1.0.0.201904181610/tools/bin/../lib/gcc/arm-none-eabi/7.3.1/../../../../arm-none-eabi/lib/thumb/v7e-m/fpv4-sp/hard\libc_nano.a(lib_a-ctype_.o)
 .ARM.attributes
                0x0000000000000b46       0x34 c:/st/stm32cubeide_1.3.0/stm32cubeide/plugins/com.st.stm32cube.ide.mcu.externaltools.gnu-tools-for-stm32.7-2018-q2-update.win32_1.0.0.201904181610/tools/bin/../lib/gcc/arm-none-eabi/7.3.1/../../../../arm-none-eabi/lib/thumb/v7e-m/fpv4-sp/hard\libc_nano.a(lib_a-mlock.o)
 .ARM.attributes
                0x0000000000000b7a       0x34 c:/st/stm32cubeide_1.3.0/stm32cubeide/plugins/com.st.stm32cube.ide.mcu.externaltools.gnu-tools-for-stm32.7-2018-q2-update.win32_1.0.0.201904181610/tools/bin/../lib/gcc/arm-none-eabi/7.3.1/../../../../arm-none-eabi/lib/thumb/v7e-m/fpv4-sp/hard\libc_nano.a(lib_a-nano-svfprintf.o)
 .ARM.attributes
                0x0000000000000bae       0x34 c:/st/stm32cubeide_1.3.0/stm32cubeide/plugins/com.st.stm32cube.ide.mcu.externaltools.gnu-tools-for-stm32.7-2018-q2-update.win32_1.0.0.201904181610/tools/bin/../lib/gcc/arm-none-eabi/7.3.1/../../../../arm-none-eabi/lib/thumb/v7e-m/fpv4-sp/hard\libc_nano.a(lib_a-nano-vfprintf_i.o)
 .ARM.attributes
                0x0000000000000be2       0x34 c:/st/stm32cubeide_1.3.0/stm32cubeide/plugins/com.st.stm32cube.ide.mcu.externaltools.gnu-tools-for-stm32.7-2018-q2-update.win32_1.0.0.201904181610/tools/bin/../lib/gcc/arm-none-eabi/7.3.1/../../../../arm-none-eabi/lib/thumb/v7e-m/fpv4-sp/hard\libc_nano.a(lib_a-reent.o)
 .ARM.attributes
                0x0000000000000c16       0x20 c:/st/stm32cubeide_1.3.0/stm32cubeide/plugins/com.st.stm32cube.ide.mcu.externaltools.gnu-tools-for-stm32.7-2018-q2-update.win32_1.0.0.201904181610/tools/bin/../lib/gcc/arm-none-eabi/7.3.1/../../../../arm-none-eabi/lib/thumb/v7e-m/fpv4-sp/hard\libc_nano.a(lib_a-memchr.o)
 .ARM.attributes
                0x0000000000000c36       0x34 c:/st/stm32cubeide_1.3.0/stm32cubeide/plugins/com.st.stm32cube.ide.mcu.externaltools.gnu-tools-for-stm32.7-2018-q2-update.win32_1.0.0.201904181610/tools/bin/../lib/gcc/arm-none-eabi/7.3.1/../../../../arm-none-eabi/lib/thumb/v7e-m/fpv4-sp/hard\libc_nano.a(lib_a-memcpy-stub.o)
 .ARM.attributes
                0x0000000000000c6a       0x34 c:/st/stm32cubeide_1.3.0/stm32cubeide/plugins/com.st.stm32cube.ide.mcu.externaltools.gnu-tools-for-stm32.7-2018-q2-update.win32_1.0.0.201904181610/tools/bin/../lib/gcc/arm-none-eabi/7.3.1/../../../../arm-none-eabi/lib/thumb/v7e-m/fpv4-sp/hard\libc_nano.a(lib_a-memmove.o)
 .ARM.attributes
                0x0000000000000c9e       0x34 c:/st/stm32cubeide_1.3.0/stm32cubeide/plugins/com.st.stm32cube.ide.mcu.externaltools.gnu-tools-for-stm32.7-2018-q2-update.win32_1.0.0.201904181610/tools/bin/../lib/gcc/arm-none-eabi/7.3.1/../../../../arm-none-eabi/lib/thumb/v7e-m/fpv4-sp/hard\libc_nano.a(lib_a-nano-reallocr.o)
 .ARM.attributes
                0x0000000000000cd2       0x34 c:/st/stm32cubeide_1.3.0/stm32cubeide/plugins/com.st.stm32cube.ide.mcu.externaltools.gnu-tools-for-stm32.7-2018-q2-update.win32_1.0.0.201904181610/tools/bin/../lib/gcc/arm-none-eabi/7.3.1/../../../../arm-none-eabi/lib/thumb/v7e-m/fpv4-sp/hard\libc_nano.a(lib_a-nano-msizer.o)
 .ARM.attributes
                0x0000000000000d06       0x22 c:/st/stm32cubeide_1.3.0/stm32cubeide/plugins/com.st.stm32cube.ide.mcu.externaltools.gnu-tools-for-stm32.7-2018-q2-update.win32_1.0.0.201904181610/tools/bin/../lib/gcc/arm-none-eabi/7.3.1/thumb/v7e-m/fpv4-sp/hard\libgcc.a(_aeabi_uldivmod.o)
 .ARM.attributes
                0x0000000000000d28       0x34 c:/st/stm32cubeide_1.3.0/stm32cubeide/plugins/com.st.stm32cube.ide.mcu.externaltools.gnu-tools-for-stm32.7-2018-q2-update.win32_1.0.0.201904181610/tools/bin/../lib/gcc/arm-none-eabi/7.3.1/thumb/v7e-m/fpv4-sp/hard\libgcc.a(_udivmoddi4.o)
 .ARM.attributes
                0x0000000000000d5c       0x22 c:/st/stm32cubeide_1.3.0/stm32cubeide/plugins/com.st.stm32cube.ide.mcu.externaltools.gnu-tools-for-stm32.7-2018-q2-update.win32_1.0.0.201904181610/tools/bin/../lib/gcc/arm-none-eabi/7.3.1/thumb/v7e-m/fpv4-sp/hard\libgcc.a(_dvmd_tls.o)
 .ARM.attributes
                0x0000000000000d7e       0x22 c:/st/stm32cubeide_1.3.0/stm32cubeide/plugins/com.st.stm32cube.ide.mcu.externaltools.gnu-tools-for-stm32.7-2018-q2-update.win32_1.0.0.201904181610/tools/bin/../lib/gcc/arm-none-eabi/7.3.1/thumb/v7e-m/fpv4-sp/hard/crtn.o
OUTPUT(HomeSecuritySystem_Group10.elf elf32-littlearm)

.comment        0x0000000000000000       0x7b
 .comment       0x0000000000000000       0x7b Core/Src/adc.o
                                         0x7c (size before relaxing)
 .comment       0x000000000000007b       0x7c Core/Src/check_configuration.o
 .comment       0x000000000000007b       0x7c Core/Src/check_procedure.o
 .comment       0x000000000000007b       0x7c Core/Src/configuration.o
 .comment       0x000000000000007b       0x7c Core/Src/dma.o
 .comment       0x000000000000007b       0x7c Core/Src/ds1307rtc.o
 .comment       0x000000000000007b       0x7c Core/Src/gpio.o
 .comment       0x000000000000007b       0x7c Core/Src/i2c.o
 .comment       0x000000000000007b       0x7c Core/Src/keypad.o
 .comment       0x000000000000007b       0x7c Core/Src/main.o
 .comment       0x000000000000007b       0x7c Core/Src/procedure.o
 .comment       0x000000000000007b       0x7c Core/Src/protocol.o
 .comment       0x000000000000007b       0x7c Core/Src/sound_alarm.o
 .comment       0x000000000000007b       0x7c Core/Src/stm32f4xx_hal_msp.o
 .comment       0x000000000000007b       0x7c Core/Src/stm32f4xx_it.o
 .comment       0x000000000000007b       0x7c Core/Src/sysmem.o
 .comment       0x000000000000007b       0x7c Core/Src/system_log.o
 .comment       0x000000000000007b       0x7c Core/Src/system_stm32f4xx.o
 .comment       0x000000000000007b       0x7c Core/Src/tim.o
 .comment       0x000000000000007b       0x7c Core/Src/timer_management.o
 .comment       0x000000000000007b       0x7c Core/Src/usart.o
 .comment       0x000000000000007b       0x7c Drivers/STM32F4xx_HAL_Driver/Src/stm32f4xx_hal.o
 .comment       0x000000000000007b       0x7c Drivers/STM32F4xx_HAL_Driver/Src/stm32f4xx_hal_adc.o
 .comment       0x000000000000007b       0x7c Drivers/STM32F4xx_HAL_Driver/Src/stm32f4xx_hal_adc_ex.o
 .comment       0x000000000000007b       0x7c Drivers/STM32F4xx_HAL_Driver/Src/stm32f4xx_hal_cortex.o
 .comment       0x000000000000007b       0x7c Drivers/STM32F4xx_HAL_Driver/Src/stm32f4xx_hal_dma.o
 .comment       0x000000000000007b       0x7c Drivers/STM32F4xx_HAL_Driver/Src/stm32f4xx_hal_gpio.o
 .comment       0x000000000000007b       0x7c Drivers/STM32F4xx_HAL_Driver/Src/stm32f4xx_hal_i2c.o
 .comment       0x000000000000007b       0x7c Drivers/STM32F4xx_HAL_Driver/Src/stm32f4xx_hal_rcc.o
 .comment       0x000000000000007b       0x7c Drivers/STM32F4xx_HAL_Driver/Src/stm32f4xx_hal_tim.o
 .comment       0x000000000000007b       0x7c Drivers/STM32F4xx_HAL_Driver/Src/stm32f4xx_hal_tim_ex.o
 .comment       0x000000000000007b       0x7c Drivers/STM32F4xx_HAL_Driver/Src/stm32f4xx_hal_uart.o

.debug_frame    0x0000000000000000      0x628
 .debug_frame   0x0000000000000000       0x30 c:/st/stm32cubeide_1.3.0/stm32cubeide/plugins/com.st.stm32cube.ide.mcu.externaltools.gnu-tools-for-stm32.7-2018-q2-update.win32_1.0.0.201904181610/tools/bin/../lib/gcc/arm-none-eabi/7.3.1/../../../../arm-none-eabi/lib/thumb/v7e-m/fpv4-sp/hard\libc_nano.a(lib_a-atoi.o)
 .debug_frame   0x0000000000000030       0x20 c:/st/stm32cubeide_1.3.0/stm32cubeide/plugins/com.st.stm32cube.ide.mcu.externaltools.gnu-tools-for-stm32.7-2018-q2-update.win32_1.0.0.201904181610/tools/bin/../lib/gcc/arm-none-eabi/7.3.1/../../../../arm-none-eabi/lib/thumb/v7e-m/fpv4-sp/hard\libc_nano.a(lib_a-errno.o)
 .debug_frame   0x0000000000000050       0x2c c:/st/stm32cubeide_1.3.0/stm32cubeide/plugins/com.st.stm32cube.ide.mcu.externaltools.gnu-tools-for-stm32.7-2018-q2-update.win32_1.0.0.201904181610/tools/bin/../lib/gcc/arm-none-eabi/7.3.1/../../../../arm-none-eabi/lib/thumb/v7e-m/fpv4-sp/hard\libc_nano.a(lib_a-init.o)
 .debug_frame   0x000000000000007c       0x68 c:/st/stm32cubeide_1.3.0/stm32cubeide/plugins/com.st.stm32cube.ide.mcu.externaltools.gnu-tools-for-stm32.7-2018-q2-update.win32_1.0.0.201904181610/tools/bin/../lib/gcc/arm-none-eabi/7.3.1/../../../../arm-none-eabi/lib/thumb/v7e-m/fpv4-sp/hard\libc_nano.a(lib_a-locale.o)
 .debug_frame   0x00000000000000e4       0x30 c:/st/stm32cubeide_1.3.0/stm32cubeide/plugins/com.st.stm32cube.ide.mcu.externaltools.gnu-tools-for-stm32.7-2018-q2-update.win32_1.0.0.201904181610/tools/bin/../lib/gcc/arm-none-eabi/7.3.1/../../../../arm-none-eabi/lib/thumb/v7e-m/fpv4-sp/hard\libc_nano.a(lib_a-malloc.o)